[{"stream_name":"stderr","time":6.24862516,"data":"0.00s - Debugger warning: It seems that frozen modules are being used, which may\n"}
,{"stream_name":"stderr","time":6.248689077,"data":"0.00s - make the debugger miss breakpoints. Please pass -Xfrozen_modules=off\n"}
,{"stream_name":"stderr","time":6.248693109,"data":"0.00s - to python to disable frozen modules.\n"}
,{"stream_name":"stderr","time":6.248695902,"data":"0.00s - Note: Debugging will proceed. Set PYDEVD_DISABLE_FILE_VALIDATION=1 to disable this validation.\n"}
,{"stream_name":"stderr","time":6.811471813,"data":"0.00s - Debugger warning: It seems that frozen modules are being used, which may\n"}
,{"stream_name":"stderr","time":6.811518873,"data":"0.00s - make the debugger miss breakpoints. Please pass -Xfrozen_modules=off\n"}
,{"stream_name":"stderr","time":6.8115239469999995,"data":"0.00s - to python to disable frozen modules.\n"}
,{"stream_name":"stderr","time":6.811527975,"data":"0.00s - Note: Debugging will proceed. Set PYDEVD_DISABLE_FILE_VALIDATION=1 to disable this validation.\n"}
,{"stream_name":"stdout","time":8.367323793,"data":"Checking for Tesla P100 compatibility...\n"}
,{"stream_name":"stderr","time":12.07128002,"data":"/usr/local/lib/python3.12/dist-packages/torch/cuda/__init__.py:435: UserWarning: \n"}
,{"stream_name":"stderr","time":12.071316297,"data":"    Found GPU0 Tesla P100-PCIE-16GB which is of cuda capability 6.0.\n"}
,{"stream_name":"stderr","time":12.071324327,"data":"    Minimum and Maximum cuda capability supported by this version of PyTorch is\n"}
,{"stream_name":"stderr","time":12.071332747,"data":"    (7.0) - (12.0)\n"}
,{"stream_name":"stderr","time":12.071336237,"data":"    \n"}
,{"stream_name":"stderr","time":12.071339463,"data":"  queued_call()\n"}
,{"stream_name":"stderr","time":12.071342616999999,"data":"/usr/local/lib/python3.12/dist-packages/torch/cuda/__init__.py:435: UserWarning: \n"}
,{"stream_name":"stderr","time":12.071361912,"data":"    Please install PyTorch with a following CUDA\n"}
,{"stream_name":"stderr","time":12.071367403,"data":"    configurations:  12.6 following instructions at\n"}
,{"stream_name":"stderr","time":12.071373078,"data":"    https://pytorch.org/get-started/locally/\n"}
,{"stream_name":"stderr","time":12.071378232,"data":"    \n"}
,{"stream_name":"stderr","time":12.071383022,"data":"  queued_call()\n"}
,{"stream_name":"stderr","time":12.071387356,"data":"/usr/local/lib/python3.12/dist-packages/torch/cuda/__init__.py:435: UserWarning: \n"}
,{"stream_name":"stderr","time":12.071392301,"data":"Tesla P100-PCIE-16GB with CUDA capability sm_60 is not compatible with the current PyTorch installation.\n"}
,{"stream_name":"stderr","time":12.071397589,"data":"The current PyTorch install supports CUDA capabilities sm_70 sm_75 sm_80 sm_86 sm_90 sm_100 sm_120.\n"}
,{"stream_name":"stderr","time":12.071402099,"data":"If you want to use the Tesla P100-PCIE-16GB GPU with PyTorch, please check the instructions at https://pytorch.org/get-started/locally/\n"}
,{"stream_name":"stderr","time":12.071406926,"data":"\n"}
,{"stream_name":"stderr","time":12.071411508,"data":"  queued_call()\n"}
,{"stream_name":"stderr","time":12.071415821,"data":"\n"}
,{"stream_name":"stderr","time":12.071420167,"data":"/usr/local/lib/python3.12/dist-packages/torch/cuda/__init__.py:435: UserWarning: \n"}
,{"stream_name":"stderr","time":12.071424841,"data":"    Found GPU0 Tesla P100-PCIE-16GB which is of cuda capability 6.0.\n"}
,{"stream_name":"stderr","time":12.071429467,"data":"    Minimum and Maximum cuda capability supported by this version of PyTorch is\n"}
,{"stream_name":"stderr","time":12.071434364,"data":"    (7.0) - (12.0)\n"}
,{"stream_name":"stderr","time":12.071449258,"data":"    \n"}
,{"stream_name":"stderr","time":12.071453051,"data":"  queued_call()\n"}
,{"stream_name":"stderr","time":12.071456642,"data":"/usr/local/lib/python3.12/dist-packages/torch/cuda/__init__.py:435: UserWarning: \n"}
,{"stream_name":"stderr","time":12.071460883,"data":"    Please install PyTorch with a following CUDA\n"}
,{"stream_name":"stderr","time":12.071464926,"data":"    configurations:  12.6 following instructions at\n"}
,{"stream_name":"stderr","time":12.071468617,"data":"    https://pytorch.org/get-started/locally/\n"}
,{"stream_name":"stderr","time":12.071472241,"data":"    \n"}
,{"stream_name":"stderr","time":12.071475597,"data":"  queued_call()\n"}
,{"stream_name":"stderr","time":12.071479071,"data":"/usr/local/lib/python3.12/dist-packages/torch/cuda/__init__.py:435: UserWarning: \n"}
,{"stream_name":"stderr","time":12.071482795,"data":"Tesla P100-PCIE-16GB with CUDA capability sm_60 is not compatible with the current PyTorch installation.\n"}
,{"stream_name":"stderr","time":12.071486427,"data":"The current PyTorch install supports CUDA capabilities sm_70 sm_75 sm_80 sm_86 sm_90 sm_100 sm_120.\n"}
,{"stream_name":"stderr","time":12.071490181,"data":"If you want to use the Tesla P100-PCIE-16GB GPU with PyTorch, please check the instructions at https://pytorch.org/get-started/locally/\n"}
,{"stream_name":"stderr","time":12.071493875,"data":"\n"}
,{"stream_name":"stderr","time":12.071497189,"data":"  queued_call()\n"}
,{"stream_name":"stdout","time":12.072212204,"data":"Detected sm_60 (Tesla P100 or similar). Installing compatible PyTorch...\n"}
,{"stream_name":"stdout","time":13.696718559,"data":"Looking in indexes: https://pypi.org/simple, https://download.pytorch.org/whl/cu117\n"}
,{"stream_name":"stdout","time":13.89875367,"data":"Looking in indexes: https://pypi.org/simple, https://download.pytorch.org/whl/cu117\n"}
,{"stream_name":"stderr","time":14.188277934,"data":"ERROR: Could not find a version that satisfies the requirement torch==1.13.1+cu117 (from versions: 2.2.0, 2.2.1, 2.2.2, 2.3.0, 2.3.1, 2.4.0, 2.4.1, 2.5.0, 2.5.1, 2.6.0, 2.7.0, 2.7.1, 2.8.0, 2.9.0, 2.9.1, 2.10.0, 2.11.0, 2.12.0, 2.12.1)\n"}
,{"stream_name":"stderr","time":14.18850525,"data":"ERROR: No matching distribution found for torch==1.13.1+cu117\n"}
,{"stream_name":"stdout","time":14.257168909,"data":"Error during environment check: Command '['pip', 'install', '--no-cache-dir', '--force-reinstall', 'torch==1.13.1+cu117', 'torchvision==0.14.1+cu117', 'torchaudio==0.13.1', '--extra-index-url', 'https://download.pytorch.org/whl/cu117']' returned non-zero exit status 1.\n"}
,{"stream_name":"stderr","time":14.258042585,"data":"ERROR: Could not find a version that satisfies the requirement torch==1.13.1+cu117 (from versions: 2.2.0, 2.2.1, 2.2.2, 2.3.0, 2.3.1, 2.4.0, 2.4.1, 2.5.0, 2.5.1, 2.6.0, 2.7.0, 2.7.1, 2.8.0, 2.9.0, 2.9.1, 2.10.0, 2.11.0, 2.12.0, 2.12.1)\n"}
,{"stream_name":"stderr","time":14.25806542,"data":"ERROR: No matching distribution found for torch==1.13.1+cu117\n"}
,{"stream_name":"stderr","time":14.258070097,"data":"\n"}
,{"stream_name":"stderr","time":14.25807364,"data":"ERROR: Could not find a version that satisfies the requirement torch==1.13.1+cu117 (from versions: 2.2.0, 2.2.1, 2.2.2, 2.3.0, 2.3.1, 2.4.0, 2.4.1, 2.5.0, 2.5.1, 2.6.0, 2.7.0, 2.7.1, 2.8.0, 2.9.0, 2.9.1, 2.10.0, 2.11.0, 2.12.0, 2.12.1)\n"}
,{"stream_name":"stderr","time":14.258078229,"data":"ERROR: No matching distribution found for torch==1.13.1+cu117\n"}
,{"stream_name":"stdout","time":14.456954199,"data":"Device: Tesla P100-PCIE-16GB, Compute Capability: 6.0\n"}
,{"stream_name":"stdout","time":14.478709931,"data":"CUDA Test Failed: CUDA error: no kernel image is available for execution on the device\n"}
,{"stream_name":"stdout","time":14.47875941,"data":"Search for `cudaErrorNoKernelImageForDevice' in https://docs.nvidia.com/cuda/cuda-runtime-api/group__CUDART__TYPES.html for more information.\n"}
,{"stream_name":"stdout","time":14.478765844,"data":"CUDA kernel errors might be asynchronously reported at some other API call, so the stacktrace below might be incorrect.\n"}
,{"stream_name":"stdout","time":14.478769646,"data":"For debugging consider passing CUDA_LAUNCH_BLOCKING=1\n"}
,{"stream_name":"stdout","time":14.47877319,"data":"Compile with `TORCH_USE_CUDA_DSA` to enable device-side assertions.\n"}
,{"stream_name":"stdout","time":14.478777018,"data":". Falling back to CPU.\n"}
,{"stream_name":"stdout","time":14.679234116,"data":"Searching for datasets in /kaggle/input...\n"}
,{"stream_name":"stdout","time":14.679263938,"data":"Linked /kaggle/input/datasets/hichambedrani/stratoscot -\u003e kaggle_data/stratoscot\n"}
,{"stream_name":"stdout","time":15.146402727,"data":"Linked /kaggle/input/datasets/hichambedrani/stratos-manifold-v4/stratos_manifold -\u003e kaggle_data/stratos_manifold\n"}
,{"stream_name":"stdout","time":15.392033163,"data":"Linked /kaggle/input/datasets/hichambedrani/stratos-omega-manifold-v3 -\u003e kaggle_data/omega_manifold\n"}
,{"stream_name":"stdout","time":15.406133333,"data":"Writing monitoring_utils.py\n"}
,{"stream_name":"stdout","time":15.419384137,"data":"Writing data_utils.py\n"}
,{"stream_name":"stdout","time":15.431704057,"data":"Writing kaggle_utils.py\n"}
,{"stream_name":"stdout","time":15.444842884,"data":"Writing kaggle_hub_manager.py\n"}
,{"stream_name":"stdout","time":15.458621987,"data":"Writing weights_loader.py\n"}
,{"stream_name":"stdout","time":15.473753012,"data":"Writing sheaf_nn.py\n"}
,{"stream_name":"stdout","time":15.486286758,"data":"Writing topo_torch.py\n"}
,{"stream_name":"stdout","time":15.499671833,"data":"Writing spectral_topo.py\n"}
,{"stream_name":"stdout","time":15.514874194,"data":"Writing train_high_leverage.py\n"}
,{"stream_name":"stdout","time":16.610394473,"data":"Warning: Looks like you're using an outdated `kaggle` version (installed: 2.0.1), please consider upgrading to the latest version (2.2.2)\n"}
,{"stream_name":"stdout","time":16.813809613,"data":"--- Large Scale High-Leverage Training ---\n"}
,{"stream_name":"stdout","time":16.813835777,"data":"Device: cuda\n"}
,{"stream_name":"stdout","time":18.370251786,"data":"WANDB_API_KEY not found. Wandb logging disabled.\n"}
,{"stream_name":"stdout","time":18.370287657,"data":"Initializing from Multiple Manifolds...\n"}
,{"stream_name":"stdout","time":18.370298955,"data":"[STRATOS LOADER] Using directory: kaggle_data/stratos_manifold\n"}
,{"stream_name":"stdout","time":18.769449012,"data":"[OMEGA LOADER] Using directory: kaggle_data/omega_manifold\n"}
,{"stream_name":"stdout","time":18.769478353,"data":"Successfully loaded 32 manifold weights into W_maps.\n"}
,{"stream_name":"stdout","time":18.769484,"data":"Note: MLP manifold integration is using available lib tensors.\n"}
,{"stream_name":"stdout","time":18.769488518,"data":"Successfully loaded 32 manifold weights into W_maps.\n"}
,{"stream_name":"stdout","time":18.972477196,"data":"Note: MLP manifold integration is using available lib tensors.\n"}
,{"stream_name":"stdout","time":18.972509116,"data":"Successfully loaded 32 manifold weights into W_maps.\n"}
,{"stream_name":"stdout","time":18.97251374,"data":"Note: MLP manifold integration is using available lib tensors.\n"}
,{"stream_name":"stdout","time":18.972517024,"data":"Successfully loaded 32 manifold weights into W_maps.\n"}
,{"stream_name":"stdout","time":18.972520324,"data":"Note: MLP manifold integration is using available lib tensors.\n"}
,{"stream_name":"stdout","time":19.247591676,"data":"Successfully loaded 32 manifold weights into W_maps.\n"}
,{"stream_name":"stdout","time":19.247638717,"data":"Note: MLP manifold integration is using available lib tensors.\n"}
,{"stream_name":"stdout","time":19.247644747,"data":"Successfully loaded 32 manifold weights into W_maps.\n"}
,{"stream_name":"stdout","time":19.24764879,"data":"Note: MLP manifold integration is using available lib tensors.\n"}
,{"stream_name":"stdout","time":19.247652386,"data":"Successfully loaded 32 manifold weights into W_maps.\n"}
,{"stream_name":"stdout","time":19.247655793,"data":"Note: MLP manifold integration is using available lib tensors.\n"}
,{"stream_name":"stdout","time":19.516286329,"data":"Successfully loaded 32 manifold weights into W_maps.\n"}
,{"stream_name":"stdout","time":19.516315663,"data":"Note: MLP manifold integration is using available lib tensors.\n"}
,{"stream_name":"stdout","time":19.516320408,"data":"Successfully loaded 32 manifold weights into W_maps.\n"}
,{"stream_name":"stdout","time":19.516323935,"data":"Note: MLP manifold integration is using available lib tensors.\n"}
,{"stream_name":"stdout","time":19.516327978,"data":"Warning: Requested 32 weights but only found 27. Padding with random.\n"}
,{"stream_name":"stdout","time":19.516331514,"data":"Successfully loaded 32 manifold weights into W_maps.\n"}
,{"stream_name":"stdout","time":19.516334807,"data":"Note: MLP manifold integration is using available lib tensors.\n"}
,{"stream_name":"stdout","time":19.803907498,"data":"Successfully loaded 32 manifold weights into W_maps.\n"}
,{"stream_name":"stdout","time":19.803944994,"data":"Note: MLP manifold integration is using available lib tensors.\n"}
,{"stream_name":"stdout","time":19.803950831,"data":"Warning: Requested 32 weights but only found 0. Padding with random.\n"}
,{"stream_name":"stdout","time":19.803954983,"data":"Successfully loaded 32 manifold weights into W_maps.\n"}
,{"stream_name":"stdout","time":19.803959213,"data":"Note: MLP manifold integration is using available lib tensors.\n"}
,{"stream_name":"stdout","time":24.533506628,"data":"Starting Epochs...\n"}
,{"stream_name":"stderr","time":27.416117294,"data":"Traceback (most recent call last):\n"}
,{"stream_name":"stderr","time":27.416147913,"data":"  File \"\u003cstring\u003e\", line 1, in \u003cmodule\u003e\n"}
,{"stream_name":"stderr","time":27.416155653,"data":"  File \"/usr/local/lib/python3.12/dist-packages/papermill/execute.py\", line 131, in execute_notebook\n"}
,{"stream_name":"stderr","time":27.41616108,"data":"    raise_for_execution_errors(nb, output_path)\n"}
,{"stream_name":"stderr","time":27.416168231,"data":"  File \"/usr/local/lib/python3.12/dist-packages/papermill/execute.py\", line 251, in raise_for_execution_errors\n"}
,{"stream_name":"stderr","time":27.416352564,"data":"    raise error\n"}
,{"stream_name":"stderr","time":27.416521339,"data":"papermill.exceptions.PapermillExecutionError: \n"}
,{"stream_name":"stderr","time":27.416533143,"data":"---------------------------------------------------------------------------\n"}
,{"stream_name":"stderr","time":27.416538423,"data":"Exception encountered at \"In [13]\":\n"}
,{"stream_name":"stderr","time":27.416543746,"data":"---------------------------------------------------------------------------\n"}
,{"stream_name":"stderr","time":27.416548185,"data":"AcceleratorError                          Traceback (most recent call last)\n"}
,{"stream_name":"stderr","time":27.416552719,"data":"/tmp/ipykernel_23/3273163900.py in \u003ccell line: 0\u003e()\n"}
,{"stream_name":"stderr","time":27.416577748999998,"data":"      4 \n"}
,{"stream_name":"stderr","time":27.416582178,"data":"      5 # Run training\n"}
,{"stream_name":"stderr","time":27.416585884,"data":"----\u003e 6 train(dry_run=False)\n"}
,{"stream_name":"stderr","time":27.416590219,"data":"\n"}
,{"stream_name":"stderr","time":27.416593511,"data":"/kaggle/working/train_high_leverage.py in train(dry_run, use_topo_loss)\n"}
,{"stream_name":"stderr","time":27.416597974,"data":"     95             autocast_device = 'cuda' if device.type == 'cuda' else 'cpu'\n"}
,{"stream_name":"stderr","time":27.416602008,"data":"     96             with torch.amp.autocast(autocast_device, enabled=(device.type == 'cuda')):\n"}
,{"stream_name":"stderr","time":27.41660563,"data":"---\u003e 97                 H = x.unsqueeze(-1).repeat(1, 1, node_dim)\n"}
,{"stream_name":"stderr","time":27.416609061,"data":"     98                 H_out = model(H)\n"}
,{"stream_name":"stderr","time":27.416612389,"data":"     99                 logits = output_head(H_out).mean(dim=1)\n"}
,{"stream_name":"stderr","time":27.416615716,"data":"\n"}
,{"stream_name":"stderr","time":27.416618969,"data":"AcceleratorError: CUDA error: no kernel image is available for execution on the device\n"}
,{"stream_name":"stderr","time":27.416622457,"data":"Search for `cudaErrorNoKernelImageForDevice' in https://docs.nvidia.com/cuda/cuda-runtime-api/group__CUDART__TYPES.html for more information.\n"}
,{"stream_name":"stderr","time":27.416626053,"data":"CUDA kernel errors might be asynchronously reported at some other API call, so the stacktrace below might be incorrect.\n"}
,{"stream_name":"stderr","time":27.416629575,"data":"For debugging consider passing CUDA_LAUNCH_BLOCKING=1\n"}
,{"stream_name":"stderr","time":27.416641774,"data":"Compile with `TORCH_USE_CUDA_DSA` to enable device-side assertions.\n"}
,{"stream_name":"stderr","time":27.416645466,"data":"\n"}
,{"stream_name":"stderr","time":27.416648809,"data":"\n"}
,{"stream_name":"stderr","time":29.478186065,"data":"/usr/local/lib/python3.12/dist-packages/mistune.py:435: SyntaxWarning: invalid escape sequence '\\|'\n"}
,{"stream_name":"stderr","time":29.478217288,"data":"  cells[i][c] = re.sub('\\\\\\\\\\|', '|', cell)\n"}
,{"stream_name":"stderr","time":29.622928924,"data":"/usr/local/lib/python3.12/dist-packages/nbconvert/filters/filter_links.py:36: SyntaxWarning: invalid escape sequence '\\_'\n"}
,{"stream_name":"stderr","time":29.622983509,"data":"  text = re.sub(r'_', '\\_', text) # Escape underscores in display text\n"}
,{"stream_name":"stderr","time":30.205400008,"data":"[NbConvertApp] Converting notebook __notebook__.ipynb to notebook\n"}
,{"stream_name":"stderr","time":30.505320114,"data":"[NbConvertApp] Writing 60542 bytes to __notebook__.ipynb\n"}
,{"stream_name":"stderr","time":32.895250741,"data":"[NbConvertApp] Converting notebook __notebook__.ipynb to html\n"}
,{"stream_name":"stderr","time":33.778013215,"data":"[NbConvertApp] Writing 451069 bytes to __results__.html\n"}
]