[{"stream_name":"stderr","time":6.622108964,"data":"0.00s - Debugger warning: It seems that frozen modules are being used, which may\n"}
,{"stream_name":"stderr","time":6.622217425,"data":"0.00s - make the debugger miss breakpoints. Please pass -Xfrozen_modules=off\n"}
,{"stream_name":"stderr","time":6.622221978,"data":"0.00s - to python to disable frozen modules.\n"}
,{"stream_name":"stderr","time":6.622224557,"data":"0.00s - Note: Debugging will proceed. Set PYDEVD_DISABLE_FILE_VALIDATION=1 to disable this validation.\n"}
,{"stream_name":"stderr","time":7.207220877,"data":"0.00s - Debugger warning: It seems that frozen modules are being used, which may\n"}
,{"stream_name":"stderr","time":7.207257437,"data":"0.00s - make the debugger miss breakpoints. Please pass -Xfrozen_modules=off\n"}
,{"stream_name":"stderr","time":7.207261042,"data":"0.00s - to python to disable frozen modules.\n"}
,{"stream_name":"stderr","time":7.207263598,"data":"0.00s - Note: Debugging will proceed. Set PYDEVD_DISABLE_FILE_VALIDATION=1 to disable this validation.\n"}
,{"stream_name":"stdout","time":8.303428523000001,"data":"Fixing environment for Tesla P100 (sm_60)...\n"}
,{"stream_name":"stdout","time":10.231760595,"data":"Looking in indexes: https://download.pytorch.org/whl/cu117\r\n"}
,{"stream_name":"stdout","time":10.4352257,"data":"\u001b[31mERROR: Could not find a version that satisfies the requirement torch==2.0.1+cu117 (from versions: none)\u001b[0m\u001b[31m\r\n"}
,{"stream_name":"stdout","time":10.435266052,"data":"\u001b[0m\u001b[31mERROR: No matching distribution found for torch==2.0.1+cu117\u001b[0m\u001b[31m\r\n"}
,{"stream_name":"stdout","time":11.772779934,"data":"\u001b[0mRequirement already satisfied: kaggle in /usr/local/lib/python3.12/dist-packages (2.0.1)\r\n"}
,{"stream_name":"stdout","time":11.874590187999999,"data":"Collecting kaggle\r\n"}
,{"stream_name":"stdout","time":11.925199586,"data":"  Downloading kaggle-2.2.3-py3-none-any.whl.metadata (16 kB)\r\n"}
,{"stream_name":"stdout","time":11.925229514,"data":"Requirement already satisfied: kagglehub in /usr/local/lib/python3.12/dist-packages (1.0.0)\r\n"}
,{"stream_name":"stdout","time":11.976200756,"data":"Collecting kagglehub\r\n"}
,{"stream_name":"stdout","time":11.976226351,"data":"  Downloading kagglehub-1.0.2-py3-none-any.whl.metadata (40 kB)\r\n"}
,{"stream_name":"stdout","time":12.027436938,"data":"\u001b[?25l     \u001b[90m━━━━━━━━━━━━━━━━━━━━━━━━━━━━━━━━━━━━━━━━\u001b[0m \u001b[32m0.0/40.1 kB\u001b[0m \u001b[31m?\u001b[0m eta \u001b[36m-:--:--\u001b[0m\r\u001b[2K     \u001b[90m━━━━━━━━━━━━━━━━━━━━━━━━━━━━━━━━━━━━━━━━\u001b[0m \u001b[32m40.1/40.1 kB\u001b[0m \u001b[31m2.9 MB/s\u001b[0m eta \u001b[36m0:00:00\u001b[0m\r\n"}
,{"stream_name":"stdout","time":12.027490761,"data":"\u001b[?25hRequirement already satisfied: wandb in /usr/local/lib/python3.12/dist-packages (0.25.1)\r\n"}
,{"stream_name":"stdout","time":12.281459817,"data":"Collecting wandb\r\n"}
,{"stream_name":"stdout","time":12.281491581,"data":"  Downloading wandb-0.28.0-py3-none-manylinux_2_28_x86_64.whl.metadata (11 kB)\r\n"}
,{"stream_name":"stdout","time":12.28150286,"data":"Requirement already satisfied: bleach in /usr/local/lib/python3.12/dist-packages (from kaggle) (6.3.0)\r\n"}
,{"stream_name":"stdout","time":12.281506576,"data":"Requirement already satisfied: jupytext in /usr/local/lib/python3.12/dist-packages (from kaggle) (1.19.1)\r\n"}
,{"stream_name":"stdout","time":12.332252058,"data":"Collecting kagglesdk\u003c1.0,\u003e=0.1.30 (from kaggle)\r\n"}
,{"stream_name":"stdout","time":12.332286113,"data":"  Downloading kagglesdk-0.1.31-py3-none-any.whl.metadata (13 kB)\r\n"}
,{"stream_name":"stdout","time":12.383303057,"data":"Requirement already satisfied: packaging in /usr/local/lib/python3.12/dist-packages (from kaggle) (26.2)\r\n"}
,{"stream_name":"stdout","time":12.383336223,"data":"Requirement already satisfied: protobuf in /usr/local/lib/python3.12/dist-packages (from kaggle) (5.29.5)\r\n"}
,{"stream_name":"stdout","time":12.383340412999999,"data":"Requirement already satisfied: python-dateutil in /usr/local/lib/python3.12/dist-packages (from kaggle) (2.9.0.post0)\r\n"}
,{"stream_name":"stdout","time":12.38334318,"data":"Requirement already satisfied: python-dotenv in /usr/local/lib/python3.12/dist-packages (from kaggle) (1.2.2)\r\n"}
,{"stream_name":"stdout","time":12.383345869,"data":"Requirement already satisfied: python-slugify in /usr/local/lib/python3.12/dist-packages (from kaggle) (8.0.4)\r\n"}
,{"stream_name":"stdout","time":12.383348259,"data":"Requirement already satisfied: requests in /usr/local/lib/python3.12/dist-packages (from kaggle) (2.32.4)\r\n"}
,{"stream_name":"stdout","time":12.38335059,"data":"Requirement already satisfied: tqdm in /usr/local/lib/python3.12/dist-packages (from kaggle) (4.67.3)\r\n"}
,{"stream_name":"stdout","time":12.383352923,"data":"Requirement already satisfied: urllib3\u003e=1.15.1 in /usr/local/lib/python3.12/dist-packages (from kaggle) (2.5.0)\r\n"}
,{"stream_name":"stdout","time":12.383355705,"data":"Requirement already satisfied: pyyaml in /usr/local/lib/python3.12/dist-packages (from kagglehub) (6.0.3)\r\n"}
,{"stream_name":"stdout","time":12.383358356,"data":"Requirement already satisfied: click\u003e=8.2.0 in /usr/local/lib/python3.12/dist-packages (from wandb) (8.3.2)\r\n"}
,{"stream_name":"stdout","time":12.383360777,"data":"Requirement already satisfied: gitpython!=3.1.29,\u003e=1.0.0 in /usr/local/lib/python3.12/dist-packages (from wandb) (3.1.46)\r\n"}
,{"stream_name":"stdout","time":12.383363196,"data":"Requirement already satisfied: platformdirs in /usr/local/lib/python3.12/dist-packages (from wandb) (4.9.6)\r\n"}
,{"stream_name":"stdout","time":12.383365795,"data":"Requirement already satisfied: pydantic\u003c3,\u003e=2.6 in /usr/local/lib/python3.12/dist-packages (from wandb) (2.12.3)\r\n"}
,{"stream_name":"stdout","time":12.383368534,"data":"Requirement already satisfied: sentry-sdk\u003e=2.0.0 in /usr/local/lib/python3.12/dist-packages (from wandb) (2.57.0)\r\n"}
,{"stream_name":"stdout","time":12.383371254,"data":"Requirement already satisfied: typing-extensions\u003c5,\u003e=4.8 in /usr/local/lib/python3.12/dist-packages (from wandb) (4.15.0)\r\n"}
,{"stream_name":"stdout","time":12.383373966,"data":"Requirement already satisfied: gitdb\u003c5,\u003e=4.0.1 in /usr/local/lib/python3.12/dist-packages (from gitpython!=3.1.29,\u003e=1.0.0-\u003ewandb) (4.0.12)\r\n"}
,{"stream_name":"stdout","time":12.434612377,"data":"Requirement already satisfied: annotated-types\u003e=0.6.0 in /usr/local/lib/python3.12/dist-packages (from pydantic\u003c3,\u003e=2.6-\u003ewandb) (0.7.0)\r\n"}
,{"stream_name":"stdout","time":12.434641098,"data":"Requirement already satisfied: pydantic-core==2.41.4 in /usr/local/lib/python3.12/dist-packages (from pydantic\u003c3,\u003e=2.6-\u003ewandb) (2.41.4)\r\n"}
,{"stream_name":"stdout","time":12.434646242,"data":"Requirement already satisfied: typing-inspection\u003e=0.4.2 in /usr/local/lib/python3.12/dist-packages (from pydantic\u003c3,\u003e=2.6-\u003ewandb) (0.4.2)\r\n"}
,{"stream_name":"stdout","time":12.434650556,"data":"Requirement already satisfied: charset_normalizer\u003c4,\u003e=2 in /usr/local/lib/python3.12/dist-packages (from requests-\u003ekaggle) (3.4.7)\r\n"}
,{"stream_name":"stdout","time":12.434654551,"data":"Requirement already satisfied: idna\u003c4,\u003e=2.5 in /usr/local/lib/python3.12/dist-packages (from requests-\u003ekaggle) (3.11)\r\n"}
,{"stream_name":"stdout","time":12.434677384,"data":"Requirement already satisfied: certifi\u003e=2017.4.17 in /usr/local/lib/python3.12/dist-packages (from requests-\u003ekaggle) (2026.2.25)\r\n"}
,{"stream_name":"stdout","time":12.434680512,"data":"Requirement already satisfied: webencodings in /usr/local/lib/python3.12/dist-packages (from bleach-\u003ekaggle) (0.5.1)\r\n"}
,{"stream_name":"stdout","time":12.434683041,"data":"Requirement already satisfied: markdown-it-py\u003e=1.0 in /usr/local/lib/python3.12/dist-packages (from jupytext-\u003ekaggle) (4.0.0)\r\n"}
,{"stream_name":"stdout","time":12.43468571,"data":"Requirement already satisfied: mdit-py-plugins in /usr/local/lib/python3.12/dist-packages (from jupytext-\u003ekaggle) (0.5.0)\r\n"}
,{"stream_name":"stdout","time":12.434688557,"data":"Requirement already satisfied: nbformat in /usr/local/lib/python3.12/dist-packages (from jupytext-\u003ekaggle) (5.10.4)\r\n"}
,{"stream_name":"stdout","time":12.434697134,"data":"Requirement already satisfied: six\u003e=1.5 in /usr/local/lib/python3.12/dist-packages (from python-dateutil-\u003ekaggle) (1.17.0)\r\n"}
,{"stream_name":"stdout","time":12.434699701,"data":"Requirement already satisfied: text-unidecode\u003e=1.3 in /usr/local/lib/python3.12/dist-packages (from python-slugify-\u003ekaggle) (1.3)\r\n"}
,{"stream_name":"stdout","time":12.485659274,"data":"Requirement already satisfied: smmap\u003c6,\u003e=3.0.1 in /usr/local/lib/python3.12/dist-packages (from gitdb\u003c5,\u003e=4.0.1-\u003egitpython!=3.1.29,\u003e=1.0.0-\u003ewandb) (5.0.3)\r\n"}
,{"stream_name":"stdout","time":12.485709287,"data":"Requirement already satisfied: mdurl~=0.1 in /usr/local/lib/python3.12/dist-packages (from markdown-it-py\u003e=1.0-\u003ejupytext-\u003ekaggle) (0.1.2)\r\n"}
,{"stream_name":"stdout","time":12.485715287,"data":"Requirement already satisfied: fastjsonschema\u003e=2.15 in /usr/local/lib/python3.12/dist-packages (from nbformat-\u003ejupytext-\u003ekaggle) (2.21.2)\r\n"}
,{"stream_name":"stdout","time":12.485719746000001,"data":"Requirement already satisfied: jsonschema\u003e=2.6 in /usr/local/lib/python3.12/dist-packages (from nbformat-\u003ejupytext-\u003ekaggle) (4.26.0)\r\n"}
,{"stream_name":"stdout","time":12.485723772,"data":"Requirement already satisfied: jupyter-core!=5.0.*,\u003e=4.12 in /usr/local/lib/python3.12/dist-packages (from nbformat-\u003ejupytext-\u003ekaggle) (5.9.1)\r\n"}
,{"stream_name":"stdout","time":12.485727793,"data":"Requirement already satisfied: traitlets\u003e=5.1 in /usr/local/lib/python3.12/dist-packages (from nbformat-\u003ejupytext-\u003ekaggle) (5.15.0)\r\n"}
,{"stream_name":"stdout","time":12.485731716,"data":"Requirement already satisfied: attrs\u003e=22.2.0 in /usr/local/lib/python3.12/dist-packages (from jsonschema\u003e=2.6-\u003enbformat-\u003ejupytext-\u003ekaggle) (26.1.0)\r\n"}
,{"stream_name":"stdout","time":12.485735686,"data":"Requirement already satisfied: jsonschema-specifications\u003e=2023.03.6 in /usr/local/lib/python3.12/dist-packages (from jsonschema\u003e=2.6-\u003enbformat-\u003ejupytext-\u003ekaggle) (2025.9.1)\r\n"}
,{"stream_name":"stdout","time":12.485739873,"data":"Requirement already satisfied: referencing\u003e=0.28.4 in /usr/local/lib/python3.12/dist-packages (from jsonschema\u003e=2.6-\u003enbformat-\u003ejupytext-\u003ekaggle) (0.37.0)\r\n"}
,{"stream_name":"stdout","time":12.485746814,"data":"Requirement already satisfied: rpds-py\u003e=0.25.0 in /usr/local/lib/python3.12/dist-packages (from jsonschema\u003e=2.6-\u003enbformat-\u003ejupytext-\u003ekaggle) (0.30.0)\r\n"}
,{"stream_name":"stdout","time":12.537006757,"data":"Downloading kaggle-2.2.3-py3-none-any.whl (111 kB)\r\n"}
,{"stream_name":"stdout","time":12.537037078000001,"data":"\u001b[?25l   \u001b[90m━━━━━━━━━━━━━━━━━━━━━━━━━━━━━━━━━━━━━━━━\u001b[0m \u001b[32m0.0/111.5 kB\u001b[0m \u001b[31m?\u001b[0m eta \u001b[36m-:--:--\u001b[0m\r\u001b[2K   \u001b[90m━━━━━━━━━━━━━━━━━━━━━━━━━━━━━━━━━━━━━━━━\u001b[0m \u001b[32m111.5/111.5 kB\u001b[0m \u001b[31m6.2 MB/s\u001b[0m eta \u001b[36m0:00:00\u001b[0m\r\n"}
,{"stream_name":"stdout","time":12.537057551,"data":"\u001b[?25hDownloading kagglehub-1.0.2-py3-none-any.whl (70 kB)\r\n"}
,{"stream_name":"stdout","time":12.587773498,"data":"\u001b[?25l   \u001b[90m━━━━━━━━━━━━━━━━━━━━━━━━━━━━━━━━━━━━━━━━\u001b[0m \u001b[32m0.0/70.6 kB\u001b[0m \u001b[31m?\u001b[0m eta \u001b[36m-:--:--\u001b[0m\r\u001b[2K   \u001b[90m━━━━━━━━━━━━━━━━━━━━━━━━━━━━━━━━━━━━━━━━\u001b[0m \u001b[32m70.6/70.6 kB\u001b[0m \u001b[31m6.0 MB/s\u001b[0m eta \u001b[36m0:00:00\u001b[0m\r\n"}
,{"stream_name":"stdout","time":12.587807458,"data":"\u001b[?25hDownloading wandb-0.28.0-py3-none-manylinux_2_28_x86_64.whl (26.8 MB)\r\n"}
,{"stream_name":"stdout","time":12.842501816,"data":"\u001b[?25l   \u001b[90m━━━━━━━━━━━━━━━━━━━━━━━━━━━━━━━━━━━━━━━━\u001b[0m \u001b[32m0.0/26.8 MB\u001b[0m \u001b[31m?\u001b[0m eta \u001b[36m-:--:--\u001b[0m\r\u001b[2K   \u001b[91m━━━━━━\u001b[0m\u001b[90m╺\u001b[0m\u001b[90m━━━━━━━━━━━━━━━━━━━━━━━━━━━━━━━━━\u001b[0m \u001b[32m4.3/26.8 MB\u001b[0m \u001b[31m128.4 MB/s\u001b[0m eta \u001b[36m0:00:01\u001b[0m\r\u001b[2K   \u001b[91m━━━━━━━━━━━━━━━━━━\u001b[0m\u001b[90m╺\u001b[0m\u001b[90m━━━━━━━━━━━━━━━━━━━━━\u001b[0m \u001b[32m12.2/26.8 MB\u001b[0m \u001b[31m214.7 MB/s\u001b[0m eta \u001b[36m0:00:01\u001b[0m\r\u001b[2K   \u001b[91m━━━━━━━━━━━━━━━━━━━━━━━━━\u001b[0m\u001b[91m╸\u001b[0m\u001b[90m━━━━━━━━━━━━━━\u001b[0m \u001b[32m17.1/26.8 MB\u001b[0m \u001b[31m178.5 MB/s\u001b[0m eta \u001b[36m0:00:01\u001b[0m\r\u001b[2K   \u001b[91m━━━━━━━━━━━━━━━━━━━━━━━━━━━━━━━━━━━━━━\u001b[0m\u001b[90m╺\u001b[0m\u001b[90m━\u001b[0m \u001b[32m25.8/26.8 MB\u001b[0m \u001b[31m246.7 MB/s\u001b[0m eta \u001b[36m0:00:01\u001b[0m\r\u001b[2K   \u001b[91m━━━━━━━━━━━━━━━━━━━━━━━━━━━━━━━━━━━━━━━\u001b[0m\u001b[91m╸\u001b[0m \u001b[32m26.8/26.8 MB\u001b[0m \u001b[31m237.8 MB/s\u001b[0m eta \u001b[36m0:00:01\u001b[0m\r\u001b[2K   \u001b[91m━━━━━━━━━━━━━━━━━━━━━━━━━━━━━━━━━━━━━━━\u001b[0m\u001b[91m╸\u001b[0m \u001b[32m26.8/26.8 MB\u001b[0m \u001b[31m237.8 MB/s\u001b[0m eta \u001b[36m0:00:01\u001b[0m\r\u001b[2K   \u001b[91m━━━━━━━━━━━━━━━━━━━━━━━━━━━━━━━━━━━━━━━\u001b[0m\u001b[91m╸\u001b[0m \u001b[32m26.8/26.8 MB\u001b[0m \u001b[31m237.8 MB/s\u001b[0m eta \u001b[36m0:00:01\u001b[0m\r\u001b[2K   \u001b[90m━━━━━━━━━━━━━━━━━━━━━━━━━━━━━━━━━━━━━━━━\u001b[0m \u001b[32m26.8/26.8 MB\u001b[0m \u001b[31m70.5 MB/s\u001b[0m eta \u001b[36m0:00:00\u001b[0m\r\n"}
,{"stream_name":"stdout","time":12.842555046,"data":"\u001b[?25hDownloading kagglesdk-0.1.31-py3-none-any.whl (255 kB)\r\n"}
,{"stream_name":"stdout","time":12.84255951,"data":"\u001b[?25l   \u001b[90m━━━━━━━━━━━━━━━━━━━━━━━━━━━━━━━━━━━━━━━━\u001b[0m \u001b[32m0.0/255.7 kB\u001b[0m \u001b[31m?\u001b[0m eta \u001b[36m-:--:--\u001b[0m\r\u001b[2K   \u001b[90m━━━━━━━━━━━━━━━━━━━━━━━━━━━━━━━━━━━━━━━━\u001b[0m \u001b[32m255.7/255.7 kB\u001b[0m \u001b[31m18.9 MB/s\u001b[0m eta \u001b[36m0:00:00\u001b[0m\r\n"}
,{"stream_name":"stdout","time":14.97588089,"data":"\u001b[?25hInstalling collected packages: kagglesdk, wandb, kagglehub, kaggle\r\n"}
,{"stream_name":"stdout","time":14.97590945,"data":"  Attempting uninstall: kagglesdk\r\n"}
,{"stream_name":"stdout","time":15.280302493,"data":"    Found existing installation: kagglesdk 0.1.18\r\n"}
,{"stream_name":"stdout","time":15.280326406,"data":"    Uninstalling kagglesdk-0.1.18:\r\n"}
,{"stream_name":"stdout","time":15.382678499,"data":"      Successfully uninstalled kagglesdk-0.1.18\r\n"}
,{"stream_name":"stdout","time":15.737985468,"data":"  Attempting uninstall: wandb\r\n"}
,{"stream_name":"stdout","time":15.992282963,"data":"    Found existing installation: wandb 0.25.1\r\n"}
,{"stream_name":"stdout","time":16.144655682,"data":"    Uninstalling wandb-0.25.1:\r\n"}
,{"stream_name":"stdout","time":28.562227109,"data":"      Successfully uninstalled wandb-0.25.1\r\n"}
,{"stream_name":"stdout","time":29.982939428,"data":"  Attempting uninstall: kagglehub\r\n"}
,{"stream_name":"stdout","time":30.185889785,"data":"    Found existing installation: kagglehub 1.0.0\r\n"}
,{"stream_name":"stdout","time":30.185921367,"data":"    Uninstalling kagglehub-1.0.0:\r\n"}
,{"stream_name":"stdout","time":30.185925577,"data":"      Successfully uninstalled kagglehub-1.0.0\r\n"}
,{"stream_name":"stdout","time":30.236359099,"data":"  Attempting uninstall: kaggle\r\n"}
,{"stream_name":"stdout","time":30.38825722,"data":"    Found existing installation: kaggle 2.0.1\r\n"}
,{"stream_name":"stdout","time":30.388283657,"data":"    Uninstalling kaggle-2.0.1:\r\n"}
,{"stream_name":"stdout","time":30.439412038,"data":"      Successfully uninstalled kaggle-2.0.1\r\n"}
,{"stream_name":"stdout","time":30.541012864,"data":"Successfully installed kaggle-2.2.3 kagglehub-1.0.2 kagglesdk-0.1.31 wandb-0.28.0\r\n"}
,{"stream_name":"stderr","time":35.043166502,"data":"/usr/local/lib/python3.12/dist-packages/torch/cuda/__init__.py:435: UserWarning: \n"}
,{"stream_name":"stderr","time":35.043206151,"data":"    Found GPU0 Tesla P100-PCIE-16GB which is of cuda capability 6.0.\n"}
,{"stream_name":"stderr","time":35.043212475,"data":"    Minimum and Maximum cuda capability supported by this version of PyTorch is\n"}
,{"stream_name":"stderr","time":35.043217795,"data":"    (7.0) - (12.0)\n"}
,{"stream_name":"stderr","time":35.043222667,"data":"    \n"}
,{"stream_name":"stderr","time":35.043238667,"data":"  queued_call()\n"}
,{"stream_name":"stderr","time":35.04324364,"data":"/usr/local/lib/python3.12/dist-packages/torch/cuda/__init__.py:435: UserWarning: \n"}
,{"stream_name":"stderr","time":35.043248571,"data":"    Please install PyTorch with a following CUDA\n"}
,{"stream_name":"stderr","time":35.043253659,"data":"    configurations:  12.6 following instructions at\n"}
,{"stream_name":"stderr","time":35.043259148,"data":"    https://pytorch.org/get-started/locally/\n"}
,{"stream_name":"stderr","time":35.043264086,"data":"    \n"}
,{"stream_name":"stderr","time":35.043268896,"data":"  queued_call()\n"}
,{"stream_name":"stderr","time":35.04327366,"data":"/usr/local/lib/python3.12/dist-packages/torch/cuda/__init__.py:435: UserWarning: \n"}
,{"stream_name":"stderr","time":35.043278564,"data":"Tesla P100-PCIE-16GB with CUDA capability sm_60 is not compatible with the current PyTorch installation.\n"}
,{"stream_name":"stderr","time":35.043291255,"data":"The current PyTorch install supports CUDA capabilities sm_70 sm_75 sm_80 sm_86 sm_90 sm_100 sm_120.\n"}
,{"stream_name":"stderr","time":35.043295025,"data":"If you want to use the Tesla P100-PCIE-16GB GPU with PyTorch, please check the instructions at https://pytorch.org/get-started/locally/\n"}
,{"stream_name":"stderr","time":35.043304059,"data":"\n"}
,{"stream_name":"stderr","time":35.043306758,"data":"  queued_call()\n"}
,{"stream_name":"stderr","time":35.043309004,"data":"\n"}
,{"stream_name":"stderr","time":35.043311241,"data":"/usr/local/lib/python3.12/dist-packages/torch/cuda/__init__.py:435: UserWarning: \n"}
,{"stream_name":"stderr","time":35.04331375,"data":"    Found GPU0 Tesla P100-PCIE-16GB which is of cuda capability 6.0.\n"}
,{"stream_name":"stderr","time":35.043316056,"data":"    Minimum and Maximum cuda capability supported by this version of PyTorch is\n"}
,{"stream_name":"stderr","time":35.043318371,"data":"    (7.0) - (12.0)\n"}
,{"stream_name":"stderr","time":35.043320585,"data":"    \n"}
,{"stream_name":"stderr","time":35.04332282,"data":"  queued_call()\n"}
,{"stream_name":"stderr","time":35.043325003,"data":"/usr/local/lib/python3.12/dist-packages/torch/cuda/__init__.py:435: UserWarning: \n"}
,{"stream_name":"stderr","time":35.043327292,"data":"    Please install PyTorch with a following CUDA\n"}
,{"stream_name":"stderr","time":35.043329605,"data":"    configurations:  12.6 following instructions at\n"}
,{"stream_name":"stderr","time":35.043331984,"data":"    https://pytorch.org/get-started/locally/\n"}
,{"stream_name":"stderr","time":35.043334229,"data":"    \n"}
,{"stream_name":"stderr","time":35.043336368,"data":"  queued_call()\n"}
,{"stream_name":"stderr","time":35.043338534,"data":"/usr/local/lib/python3.12/dist-packages/torch/cuda/__init__.py:435: UserWarning: \n"}
,{"stream_name":"stderr","time":35.043341,"data":"Tesla P100-PCIE-16GB with CUDA capability sm_60 is not compatible with the current PyTorch installation.\n"}
,{"stream_name":"stderr","time":35.043343435,"data":"The current PyTorch install supports CUDA capabilities sm_70 sm_75 sm_80 sm_86 sm_90 sm_100 sm_120.\n"}
,{"stream_name":"stderr","time":35.043345816,"data":"If you want to use the Tesla P100-PCIE-16GB GPU with PyTorch, please check the instructions at https://pytorch.org/get-started/locally/\n"}
,{"stream_name":"stderr","time":35.043348267,"data":"\n"}
,{"stream_name":"stderr","time":35.043350508,"data":"  queued_call()\n"}
,{"stream_name":"stdout","time":35.04407124,"data":"Device: Tesla P100-PCIE-16GB, Compute Capability: 6.0\n"}
,{"stream_name":"stdout","time":35.057722345,"data":"CUDA Test Failed: CUDA error: no kernel image is available for execution on the device\n"}
,{"stream_name":"stdout","time":35.057760311,"data":"Search for `cudaErrorNoKernelImageForDevice' in https://docs.nvidia.com/cuda/cuda-runtime-api/group__CUDART__TYPES.html for more information.\n"}
,{"stream_name":"stdout","time":35.057764301,"data":"CUDA kernel errors might be asynchronously reported at some other API call, so the stacktrace below might be incorrect.\n"}
,{"stream_name":"stdout","time":35.057767765,"data":"For debugging consider passing CUDA_LAUNCH_BLOCKING=1\n"}
,{"stream_name":"stdout","time":35.057783931,"data":"Compile with `TORCH_USE_CUDA_DSA` to enable device-side assertions.\n"}
,{"stream_name":"stdout","time":35.05778788,"data":"\n"}
,{"stream_name":"stdout","time":35.25796392,"data":"Searching for datasets in /kaggle/input...\n"}
,{"stream_name":"stdout","time":36.192175516,"data":"Linked /kaggle/input/datasets/hichambedrani/stratos-omega-manifold-v3 -\u003e kaggle_data/omega_manifold\n"}
,{"stream_name":"stdout","time":36.815906173,"data":"Linked /kaggle/input/datasets/hichambedrani/stratos-manifold-v4/stratos_manifold -\u003e kaggle_data/stratos_manifold\n"}
,{"stream_name":"stdout","time":36.8159398,"data":"Linked /kaggle/input/datasets/hichambedrani/stratoscot -\u003e kaggle_data/stratoscot\n"}
,{"stream_name":"stdout","time":36.832276334,"data":"Writing monitoring_utils.py\n"}
,{"stream_name":"stdout","time":36.847646805,"data":"Writing data_utils.py\n"}
,{"stream_name":"stdout","time":36.863342047,"data":"Writing kaggle_utils.py\n"}
,{"stream_name":"stdout","time":36.87919238,"data":"Writing kaggle_hub_manager.py\n"}
,{"stream_name":"stdout","time":36.895982936,"data":"Writing weights_loader.py\n"}
,{"stream_name":"stdout","time":36.912838487,"data":"Writing sheaf_nn.py\n"}
,{"stream_name":"stdout","time":36.928553718,"data":"Writing topo_torch.py\n"}
,{"stream_name":"stdout","time":36.945649744,"data":"Writing spectral_topo.py\n"}
,{"stream_name":"stdout","time":36.964215219,"data":"Writing train_high_leverage.py\n"}
,{"stream_name":"stdout","time":37.936968305,"data":"--- Large Scale High-Leverage Training ---\n"}
,{"stream_name":"stdout","time":37.937001394,"data":"Device: cuda\n"}
,{"stream_name":"stdout","time":38.858281761,"data":"WANDB_API_KEY not found. Wandb logging disabled.\n"}
,{"stream_name":"stdout","time":38.858323841,"data":"Initializing from Multiple Manifolds...\n"}
,{"stream_name":"stdout","time":38.858327521,"data":"[STRATOS LOADER] Using directory: kaggle_data/stratos_manifold\n"}
,{"stream_name":"stdout","time":38.858330204,"data":"[OMEGA LOADER] Using directory: kaggle_data/omega_manifold\n"}
,{"stream_name":"stdout","time":39.118774492,"data":"Successfully loaded 32 manifold weights into W_maps.\n"}
,{"stream_name":"stdout","time":39.118814003,"data":"Note: MLP manifold integration is using available lib tensors.\n"}
,{"stream_name":"stdout","time":39.118819991,"data":"Successfully loaded 32 manifold weights into W_maps.\n"}
,{"stream_name":"stdout","time":39.118824982,"data":"Note: MLP manifold integration is using available lib tensors.\n"}
,{"stream_name":"stdout","time":39.347253129,"data":"Successfully loaded 32 manifold weights into W_maps.\n"}
,{"stream_name":"stdout","time":39.347284529,"data":"Note: MLP manifold integration is using available lib tensors.\n"}
,{"stream_name":"stdout","time":39.347288908,"data":"Successfully loaded 32 manifold weights into W_maps.\n"}
,{"stream_name":"stdout","time":39.347292698,"data":"Note: MLP manifold integration is using available lib tensors.\n"}
,{"stream_name":"stdout","time":39.34729616,"data":"Successfully loaded 32 manifold weights into W_maps.\n"}
,{"stream_name":"stdout","time":39.347300011,"data":"Note: MLP manifold integration is using available lib tensors.\n"}
,{"stream_name":"stdout","time":39.632568096,"data":"Successfully loaded 32 manifold weights into W_maps.\n"}
,{"stream_name":"stdout","time":39.632606206,"data":"Note: MLP manifold integration is using available lib tensors.\n"}
,{"stream_name":"stdout","time":39.632612061,"data":"Successfully loaded 32 manifold weights into W_maps.\n"}
,{"stream_name":"stdout","time":39.63261624,"data":"Note: MLP manifold integration is using available lib tensors.\n"}
,{"stream_name":"stdout","time":39.632620819,"data":"Successfully loaded 32 manifold weights into W_maps.\n"}
,{"stream_name":"stdout","time":39.632624899,"data":"Note: MLP manifold integration is using available lib tensors.\n"}
,{"stream_name":"stdout","time":39.904206244,"data":"Successfully loaded 32 manifold weights into W_maps.\n"}
,{"stream_name":"stdout","time":39.90427169,"data":"Note: MLP manifold integration is using available lib tensors.\n"}
,{"stream_name":"stdout","time":39.904277986,"data":"Warning: Requested 32 weights but only found 27. Padding with random.\n"}
,{"stream_name":"stdout","time":39.904281817,"data":"Successfully loaded 32 manifold weights into W_maps.\n"}
,{"stream_name":"stdout","time":39.904285185,"data":"Note: MLP manifold integration is using available lib tensors.\n"}
,{"stream_name":"stdout","time":39.904288707,"data":"Successfully loaded 32 manifold weights into W_maps.\n"}
,{"stream_name":"stdout","time":39.904292162,"data":"Note: MLP manifold integration is using available lib tensors.\n"}
,{"stream_name":"stdout","time":39.904295721,"data":"Warning: Requested 32 weights but only found 0. Padding with random.\n"}
,{"stream_name":"stdout","time":39.904300857,"data":"Successfully loaded 32 manifold weights into W_maps.\n"}
,{"stream_name":"stdout","time":39.904307501,"data":"Note: MLP manifold integration is using available lib tensors.\n"}
,{"stream_name":"stdout","time":44.932937416,"data":"Starting Epochs...\n"}
,{"stream_name":"stderr","time":47.810587467,"data":"Traceback (most recent call last):\n"}
,{"stream_name":"stderr","time":47.810620362,"data":"  File \"\u003cstring\u003e\", line 1, in \u003cmodule\u003e\n"}
,{"stream_name":"stderr","time":47.810636639,"data":"  File \"/usr/local/lib/python3.12/dist-packages/papermill/execute.py\", line 131, in execute_notebook\n"}
,{"stream_name":"stderr","time":47.810757794,"data":"    raise_for_execution_errors(nb, output_path)\n"}
,{"stream_name":"stderr","time":47.810770151,"data":"  File \"/usr/local/lib/python3.12/dist-packages/papermill/execute.py\", line 251, in raise_for_execution_errors\n"}
,{"stream_name":"stderr","time":47.810954177,"data":"    raise error\n"}
,{"stream_name":"stderr","time":47.811147996,"data":"papermill.exceptions.PapermillExecutionError: \n"}
,{"stream_name":"stderr","time":47.811161394,"data":"---------------------------------------------------------------------------\n"}
,{"stream_name":"stderr","time":47.811166779,"data":"Exception encountered at \"In [13]\":\n"}
,{"stream_name":"stderr","time":47.811171744,"data":"---------------------------------------------------------------------------\n"}
,{"stream_name":"stderr","time":47.811177134,"data":"AcceleratorError                          Traceback (most recent call last)\n"}
,{"stream_name":"stderr","time":47.811182335,"data":"/tmp/ipykernel_23/884817155.py in \u003ccell line: 0\u003e()\n"}
,{"stream_name":"stderr","time":47.811187996,"data":"      7 \n"}
,{"stream_name":"stderr","time":47.811192343,"data":"      8 # Run training\n"}
,{"stream_name":"stderr","time":47.811196624,"data":"----\u003e 9 train(dry_run=False)\n"}
,{"stream_name":"stderr","time":47.811200946,"data":"\n"}
,{"stream_name":"stderr","time":47.811205081,"data":"/kaggle/working/train_high_leverage.py in train(dry_run, use_topo_loss)\n"}
,{"stream_name":"stderr","time":47.811209461,"data":"     95             autocast_device = 'cuda' if device.type == 'cuda' else 'cpu'\n"}
,{"stream_name":"stderr","time":47.811213876,"data":"     96             with torch.amp.autocast(autocast_device, enabled=(device.type == 'cuda')):\n"}
,{"stream_name":"stderr","time":47.811218364,"data":"---\u003e 97                 H = x.unsqueeze(-1).repeat(1, 1, node_dim)\n"}
,{"stream_name":"stderr","time":47.811222852,"data":"     98                 H_out = model(H)\n"}
,{"stream_name":"stderr","time":47.811227194,"data":"     99                 logits = output_head(H_out).mean(dim=1)\n"}
,{"stream_name":"stderr","time":47.81128943,"data":"\n"}
,{"stream_name":"stderr","time":47.811293486,"data":"AcceleratorError: CUDA error: no kernel image is available for execution on the device\n"}
,{"stream_name":"stderr","time":47.811297019,"data":"Search for `cudaErrorNoKernelImageForDevice' in https://docs.nvidia.com/cuda/cuda-runtime-api/group__CUDART__TYPES.html for more information.\n"}
,{"stream_name":"stderr","time":47.811300706,"data":"CUDA kernel errors might be asynchronously reported at some other API call, so the stacktrace below might be incorrect.\n"}
,{"stream_name":"stderr","time":47.811304368,"data":"For debugging consider passing CUDA_LAUNCH_BLOCKING=1\n"}
,{"stream_name":"stderr","time":47.811307721,"data":"Compile with `TORCH_USE_CUDA_DSA` to enable device-side assertions.\n"}
,{"stream_name":"stderr","time":47.811311145,"data":"\n"}
,{"stream_name":"stderr","time":47.811314298,"data":"\n"}
,{"stream_name":"stderr","time":49.975703956,"data":"/usr/local/lib/python3.12/dist-packages/mistune.py:435: SyntaxWarning: invalid escape sequence '\\|'\n"}
,{"stream_name":"stderr","time":49.975752479,"data":"  cells[i][c] = re.sub('\\\\\\\\\\|', '|', cell)\n"}
,{"stream_name":"stderr","time":50.122027968,"data":"/usr/local/lib/python3.12/dist-packages/nbconvert/filters/filter_links.py:36: SyntaxWarning: invalid escape sequence '\\_'\n"}
,{"stream_name":"stderr","time":50.122055796,"data":"  text = re.sub(r'_', '\\_', text) # Escape underscores in display text\n"}
,{"stream_name":"stderr","time":50.719300461,"data":"[NbConvertApp] Converting notebook __notebook__.ipynb to notebook\n"}
,{"stream_name":"stderr","time":51.062858181,"data":"[NbConvertApp] Writing 66658 bytes to __notebook__.ipynb\n"}
,{"stream_name":"stderr","time":53.491670715,"data":"[NbConvertApp] Converting notebook __notebook__.ipynb to html\n"}
,{"stream_name":"stderr","time":54.383288952,"data":"[NbConvertApp] Writing 452811 bytes to __results__.html\n"}
]