[{"stream_name":"stderr","time":6.557601683,"data":"0.00s - Debugger warning: It seems that frozen modules are being used, which may\n"}
,{"stream_name":"stderr","time":6.557654643,"data":"0.00s - make the debugger miss breakpoints. Please pass -Xfrozen_modules=off\n"}
,{"stream_name":"stderr","time":6.557658866,"data":"0.00s - to python to disable frozen modules.\n"}
,{"stream_name":"stderr","time":6.557661349,"data":"0.00s - Note: Debugging will proceed. Set PYDEVD_DISABLE_FILE_VALIDATION=1 to disable this validation.\n"}
,{"stream_name":"stderr","time":7.138566634,"data":"0.00s - Debugger warning: It seems that frozen modules are being used, which may\n"}
,{"stream_name":"stderr","time":7.138598821,"data":"0.00s - make the debugger miss breakpoints. Please pass -Xfrozen_modules=off\n"}
,{"stream_name":"stderr","time":7.1386038769999995,"data":"0.00s - to python to disable frozen modules.\n"}
,{"stream_name":"stderr","time":7.138608257,"data":"0.00s - Note: Debugging will proceed. Set PYDEVD_DISABLE_FILE_VALIDATION=1 to disable this validation.\n"}
,{"stream_name":"stdout","time":12.336416863,"data":"Device: Tesla P100-PCIE-16GB, Compute Capability: 6.0\n"}
,{"stream_name":"stdout","time":12.336502845,"data":"Tesla P100 detected. Installing compatible PyTorch...\n"}
,{"stream_name":"stderr","time":12.468812148,"data":"/usr/local/lib/python3.12/dist-packages/torch/cuda/__init__.py:435: UserWarning: \n"}
,{"stream_name":"stderr","time":12.468843326,"data":"    Found GPU0 Tesla P100-PCIE-16GB which is of cuda capability 6.0.\n"}
,{"stream_name":"stderr","time":12.468854891,"data":"    Minimum and Maximum cuda capability supported by this version of PyTorch is\n"}
,{"stream_name":"stderr","time":12.468858694,"data":"    (7.0) - (12.0)\n"}
,{"stream_name":"stderr","time":12.468861748,"data":"    \n"}
,{"stream_name":"stderr","time":12.468864702,"data":"  queued_call()\n"}
,{"stream_name":"stderr","time":12.468868018,"data":"/usr/local/lib/python3.12/dist-packages/torch/cuda/__init__.py:435: UserWarning: \n"}
,{"stream_name":"stderr","time":12.468871225000001,"data":"    Please install PyTorch with a following CUDA\n"}
,{"stream_name":"stderr","time":12.468874182,"data":"    configurations:  12.6 following instructions at\n"}
,{"stream_name":"stderr","time":12.468877061,"data":"    https://pytorch.org/get-started/locally/\n"}
,{"stream_name":"stderr","time":12.468879936,"data":"    \n"}
,{"stream_name":"stderr","time":12.468882739,"data":"  queued_call()\n"}
,{"stream_name":"stderr","time":12.468885595,"data":"/usr/local/lib/python3.12/dist-packages/torch/cuda/__init__.py:435: UserWarning: \n"}
,{"stream_name":"stderr","time":12.468888693,"data":"Tesla P100-PCIE-16GB with CUDA capability sm_60 is not compatible with the current PyTorch installation.\n"}
,{"stream_name":"stderr","time":12.4688917,"data":"The current PyTorch install supports CUDA capabilities sm_70 sm_75 sm_80 sm_86 sm_90 sm_100 sm_120.\n"}
,{"stream_name":"stderr","time":12.468894739,"data":"If you want to use the Tesla P100-PCIE-16GB GPU with PyTorch, please check the instructions at https://pytorch.org/get-started/locally/\n"}
,{"stream_name":"stderr","time":12.468897994,"data":"\n"}
,{"stream_name":"stderr","time":12.46890109,"data":"  queued_call()\n"}
,{"stream_name":"stderr","time":12.468903891,"data":"\n"}
,{"stream_name":"stderr","time":12.468906706,"data":"/usr/local/lib/python3.12/dist-packages/torch/cuda/__init__.py:435: UserWarning: \n"}
,{"stream_name":"stderr","time":12.468909679,"data":"    Found GPU0 Tesla P100-PCIE-16GB which is of cuda capability 6.0.\n"}
,{"stream_name":"stderr","time":12.468912603,"data":"    Minimum and Maximum cuda capability supported by this version of PyTorch is\n"}
,{"stream_name":"stderr","time":12.468925476,"data":"    (7.0) - (12.0)\n"}
,{"stream_name":"stderr","time":12.468927979,"data":"    \n"}
,{"stream_name":"stderr","time":12.468930078,"data":"  queued_call()\n"}
,{"stream_name":"stderr","time":12.468932233,"data":"/usr/local/lib/python3.12/dist-packages/torch/cuda/__init__.py:435: UserWarning: \n"}
,{"stream_name":"stderr","time":12.468934509,"data":"    Please install PyTorch with a following CUDA\n"}
,{"stream_name":"stderr","time":12.468936734,"data":"    configurations:  12.6 following instructions at\n"}
,{"stream_name":"stderr","time":12.468938959,"data":"    https://pytorch.org/get-started/locally/\n"}
,{"stream_name":"stderr","time":12.46894117,"data":"    \n"}
,{"stream_name":"stderr","time":12.468943292,"data":"  queued_call()\n"}
,{"stream_name":"stderr","time":12.468945432,"data":"/usr/local/lib/python3.12/dist-packages/torch/cuda/__init__.py:435: UserWarning: \n"}
,{"stream_name":"stderr","time":12.468947813,"data":"Tesla P100-PCIE-16GB with CUDA capability sm_60 is not compatible with the current PyTorch installation.\n"}
,{"stream_name":"stderr","time":12.468954477,"data":"The current PyTorch install supports CUDA capabilities sm_70 sm_75 sm_80 sm_86 sm_90 sm_100 sm_120.\n"}
,{"stream_name":"stderr","time":12.468956983,"data":"If you want to use the Tesla P100-PCIE-16GB GPU with PyTorch, please check the instructions at https://pytorch.org/get-started/locally/\n"}
,{"stream_name":"stderr","time":12.468959453,"data":"\n"}
,{"stream_name":"stderr","time":12.468961568,"data":"  queued_call()\n"}
,{"stream_name":"stdout","time":14.211428685,"data":"Looking in indexes: https://download.pytorch.org/whl/cu118\r\n"}
,{"stream_name":"stdout","time":14.666526302,"data":"\u001b[31mERROR: Could not find a version that satisfies the requirement torch==2.1.0+cu118 (from versions: 2.2.0+cu118, 2.2.1+cu118, 2.2.2+cu118, 2.3.0+cu118, 2.3.1+cu118, 2.4.0+cu118, 2.4.1+cu118, 2.5.0+cu118, 2.5.1+cu118, 2.6.0+cu118, 2.7.0+cu118, 2.7.1+cu118)\u001b[0m\u001b[31m\r\n"}
,{"stream_name":"stdout","time":14.666560432,"data":"\u001b[0m\u001b[31mERROR: No matching distribution found for torch==2.1.0+cu118\u001b[0m\u001b[31m\r\n"}
,{"stream_name":"stdout","time":15.873641463,"data":"\u001b[0mRequirement already satisfied: kagglehub in /usr/local/lib/python3.12/dist-packages (1.0.0)\r\n"}
,{"stream_name":"stdout","time":15.873666365,"data":"Requirement already satisfied: wandb in /usr/local/lib/python3.12/dist-packages (0.25.1)\r\n"}
,{"stream_name":"stdout","time":15.873670589,"data":"Requirement already satisfied: kagglesdk\u003c1.0,\u003e=0.1.14 in /usr/local/lib/python3.12/dist-packages (from kagglehub) (0.1.18)\r\n"}
,{"stream_name":"stdout","time":15.873688507,"data":"Requirement already satisfied: packaging in /usr/local/lib/python3.12/dist-packages (from kagglehub) (26.2)\r\n"}
,{"stream_name":"stdout","time":15.873693824,"data":"Requirement already satisfied: pyyaml in /usr/local/lib/python3.12/dist-packages (from kagglehub) (6.0.3)\r\n"}
,{"stream_name":"stdout","time":15.873698139,"data":"Requirement already satisfied: requests in /usr/local/lib/python3.12/dist-packages (from kagglehub) (2.32.4)\r\n"}
,{"stream_name":"stdout","time":15.873702039,"data":"Requirement already satisfied: tqdm in /usr/local/lib/python3.12/dist-packages (from kagglehub) (4.67.3)\r\n"}
,{"stream_name":"stdout","time":15.873706579,"data":"Requirement already satisfied: click\u003e=8.0.1 in /usr/local/lib/python3.12/dist-packages (from wandb) (8.3.2)\r\n"}
,{"stream_name":"stdout","time":15.873711303,"data":"Requirement already satisfied: gitpython!=3.1.29,\u003e=1.0.0 in /usr/local/lib/python3.12/dist-packages (from wandb) (3.1.46)\r\n"}
,{"stream_name":"stdout","time":15.873726285,"data":"Requirement already satisfied: platformdirs in /usr/local/lib/python3.12/dist-packages (from wandb) (4.9.6)\r\n"}
,{"stream_name":"stdout","time":15.873730271,"data":"Requirement already satisfied: protobuf!=5.28.0,!=5.29.0,\u003c7,\u003e4.21.0 in /usr/local/lib/python3.12/dist-packages (from wandb) (5.29.5)\r\n"}
,{"stream_name":"stdout","time":15.873736179,"data":"Requirement already satisfied: pydantic\u003c3 in /usr/local/lib/python3.12/dist-packages (from wandb) (2.12.3)\r\n"}
,{"stream_name":"stdout","time":15.873743502,"data":"Requirement already satisfied: sentry-sdk\u003e=2.0.0 in /usr/local/lib/python3.12/dist-packages (from wandb) (2.57.0)\r\n"}
,{"stream_name":"stdout","time":15.873746232,"data":"Requirement already satisfied: typing-extensions\u003c5,\u003e=4.8 in /usr/local/lib/python3.12/dist-packages (from wandb) (4.15.0)\r\n"}
,{"stream_name":"stdout","time":15.873748977,"data":"Requirement already satisfied: gitdb\u003c5,\u003e=4.0.1 in /usr/local/lib/python3.12/dist-packages (from gitpython!=3.1.29,\u003e=1.0.0-\u003ewandb) (4.0.12)\r\n"}
,{"stream_name":"stdout","time":15.924019782,"data":"Requirement already satisfied: annotated-types\u003e=0.6.0 in /usr/local/lib/python3.12/dist-packages (from pydantic\u003c3-\u003ewandb) (0.7.0)\r\n"}
,{"stream_name":"stdout","time":15.924044577,"data":"Requirement already satisfied: pydantic-core==2.41.4 in /usr/local/lib/python3.12/dist-packages (from pydantic\u003c3-\u003ewandb) (2.41.4)\r\n"}
,{"stream_name":"stdout","time":15.924049486,"data":"Requirement already satisfied: typing-inspection\u003e=0.4.2 in /usr/local/lib/python3.12/dist-packages (from pydantic\u003c3-\u003ewandb) (0.4.2)\r\n"}
,{"stream_name":"stdout","time":15.924053547,"data":"Requirement already satisfied: charset_normalizer\u003c4,\u003e=2 in /usr/local/lib/python3.12/dist-packages (from requests-\u003ekagglehub) (3.4.7)\r\n"}
,{"stream_name":"stdout","time":15.924057836,"data":"Requirement already satisfied: idna\u003c4,\u003e=2.5 in /usr/local/lib/python3.12/dist-packages (from requests-\u003ekagglehub) (3.11)\r\n"}
,{"stream_name":"stdout","time":15.924061888,"data":"Requirement already satisfied: urllib3\u003c3,\u003e=1.21.1 in /usr/local/lib/python3.12/dist-packages (from requests-\u003ekagglehub) (2.5.0)\r\n"}
,{"stream_name":"stdout","time":15.924065729,"data":"Requirement already satisfied: certifi\u003e=2017.4.17 in /usr/local/lib/python3.12/dist-packages (from requests-\u003ekagglehub) (2026.2.25)\r\n"}
,{"stream_name":"stdout","time":15.974972164,"data":"Requirement already satisfied: smmap\u003c6,\u003e=3.0.1 in /usr/local/lib/python3.12/dist-packages (from gitdb\u003c5,\u003e=4.0.1-\u003egitpython!=3.1.29,\u003e=1.0.0-\u003ewandb) (5.0.3)\r\n"}
,{"stream_name":"stdout","time":18.033311467,"data":"Warning: Dataset source /kaggle/input/stratos-manifold-v4 not found.\n"}
,{"stream_name":"stdout","time":18.033352277,"data":"Warning: Dataset source /kaggle/input/stratoscot not found.\n"}
,{"stream_name":"stdout","time":18.033382584,"data":"Warning: Dataset source /kaggle/input/stratos-omega-manifold-v3 not found.\n"}
,{"stream_name":"stdout","time":18.033388729,"data":"Warning: Dataset source /kaggle/input/fso-manifold not found.\n"}
,{"stream_name":"stdout","time":18.033393844,"data":"Warning: Dataset source /kaggle/input/precision-system-v3-data not found.\n"}
,{"stream_name":"stdout","time":18.046390572,"data":"Writing monitoring_utils.py\n"}
,{"stream_name":"stdout","time":18.058712483,"data":"Writing data_utils.py\n"}
,{"stream_name":"stdout","time":18.071277794,"data":"Writing kaggle_utils.py\n"}
,{"stream_name":"stdout","time":18.08347494,"data":"Writing kaggle_hub_manager.py\n"}
,{"stream_name":"stdout","time":18.096711775,"data":"Writing weights_loader.py\n"}
,{"stream_name":"stdout","time":18.110878401,"data":"Writing sheaf_nn.py\n"}
,{"stream_name":"stdout","time":18.123089491,"data":"Writing topo_torch.py\n"}
,{"stream_name":"stdout","time":18.136473064,"data":"Writing spectral_topo.py\n"}
,{"stream_name":"stdout","time":18.151352408,"data":"Writing train_high_leverage.py\n"}
,{"stream_name":"stdout","time":19.437097616,"data":"Warning: Looks like you're using an outdated `kaggle` version (installed: 2.0.1), please consider upgrading to the latest version (2.2.2)\n"}
,{"stream_name":"stdout","time":19.642627913,"data":"--- Large Scale High-Leverage Training ---\n"}
,{"stream_name":"stdout","time":19.64265902,"data":"Device: cuda\n"}
,{"stream_name":"stdout","time":21.386634986,"data":"WANDB_API_KEY not found. Wandb logging disabled.\n"}
,{"stream_name":"stdout","time":21.386667106,"data":"Initializing from Multiple Manifolds...\n"}
,{"stream_name":"stdout","time":21.386670609,"data":"Initialization from manifold failed: Directory kaggle_data/stratos_manifold does not exist.. Using random weights.\n"}
,{"stream_name":"stdout","time":26.115539928,"data":"Starting Epochs...\n"}
,{"stream_name":"stderr","time":28.740023974,"data":"Traceback (most recent call last):\n"}
,{"stream_name":"stderr","time":28.740055265,"data":"  File \"\u003cstring\u003e\", line 1, in \u003cmodule\u003e\n"}
,{"stream_name":"stderr","time":28.740060827,"data":"  File \"/usr/local/lib/python3.12/dist-packages/papermill/execute.py\", line 131, in execute_notebook\n"}
,{"stream_name":"stderr","time":28.740163039,"data":"    raise_for_execution_errors(nb, output_path)\n"}
,{"stream_name":"stderr","time":28.740193269,"data":"  File \"/usr/local/lib/python3.12/dist-packages/papermill/execute.py\", line 251, in raise_for_execution_errors\n"}
,{"stream_name":"stderr","time":28.740392407,"data":"    raise error\n"}
,{"stream_name":"stderr","time":28.740560493,"data":"papermill.exceptions.PapermillExecutionError: \n"}
,{"stream_name":"stderr","time":28.740568278,"data":"---------------------------------------------------------------------------\n"}
,{"stream_name":"stderr","time":28.740572269,"data":"Exception encountered at \"In [12]\":\n"}
,{"stream_name":"stderr","time":28.740575861,"data":"---------------------------------------------------------------------------\n"}
,{"stream_name":"stderr","time":28.740579357,"data":"AcceleratorError                          Traceback (most recent call last)\n"}
,{"stream_name":"stderr","time":28.740582888,"data":"/tmp/ipykernel_23/2240016650.py in \u003ccell line: 0\u003e()\n"}
,{"stream_name":"stderr","time":28.74058663,"data":"      8 \n"}
,{"stream_name":"stderr","time":28.740590014,"data":"      9 # Run training\n"}
,{"stream_name":"stderr","time":28.740593365,"data":"---\u003e 10 train(dry_run=False)\n"}
,{"stream_name":"stderr","time":28.740596669,"data":"\n"}
,{"stream_name":"stderr","time":28.740599907,"data":"/kaggle/working/train_high_leverage.py in train(dry_run, use_topo_loss)\n"}
,{"stream_name":"stderr","time":28.740603353,"data":"     95             autocast_device = 'cuda' if device.type == 'cuda' else 'cpu'\n"}
,{"stream_name":"stderr","time":28.740606773,"data":"     96             with torch.amp.autocast(autocast_device, enabled=(device.type == 'cuda')):\n"}
,{"stream_name":"stderr","time":28.740610203,"data":"---\u003e 97                 H = x.unsqueeze(-1).repeat(1, 1, node_dim)\n"}
,{"stream_name":"stderr","time":28.740614191,"data":"     98                 H_out = model(H)\n"}
,{"stream_name":"stderr","time":28.74061808,"data":"     99                 logits = output_head(H_out).mean(dim=1)\n"}
,{"stream_name":"stderr","time":28.740634603,"data":"\n"}
,{"stream_name":"stderr","time":28.740638099999998,"data":"AcceleratorError: CUDA error: no kernel image is available for execution on the device\n"}
,{"stream_name":"stderr","time":28.740641624,"data":"Search for `cudaErrorNoKernelImageForDevice' in https://docs.nvidia.com/cuda/cuda-runtime-api/group__CUDART__TYPES.html for more information.\n"}
,{"stream_name":"stderr","time":28.740645278,"data":"CUDA kernel errors might be asynchronously reported at some other API call, so the stacktrace below might be incorrect.\n"}
,{"stream_name":"stderr","time":28.740648832,"data":"For debugging consider passing CUDA_LAUNCH_BLOCKING=1\n"}
,{"stream_name":"stderr","time":28.740652165,"data":"Compile with `TORCH_USE_CUDA_DSA` to enable device-side assertions.\n"}
,{"stream_name":"stderr","time":28.740655584,"data":"\n"}
,{"stream_name":"stderr","time":28.740658759,"data":"\n"}
,{"stream_name":"stderr","time":30.863151029,"data":"/usr/local/lib/python3.12/dist-packages/mistune.py:435: SyntaxWarning: invalid escape sequence '\\|'\n"}
,{"stream_name":"stderr","time":30.863183841,"data":"  cells[i][c] = re.sub('\\\\\\\\\\|', '|', cell)\n"}
,{"stream_name":"stderr","time":31.019455477,"data":"/usr/local/lib/python3.12/dist-packages/nbconvert/filters/filter_links.py:36: SyntaxWarning: invalid escape sequence '\\_'\n"}
,{"stream_name":"stderr","time":31.019483997,"data":"  text = re.sub(r'_', '\\_', text) # Escape underscores in display text\n"}
,{"stream_name":"stderr","time":31.637561952,"data":"[NbConvertApp] Converting notebook __notebook__.ipynb to notebook\n"}
,{"stream_name":"stderr","time":31.940949043,"data":"[NbConvertApp] Writing 58011 bytes to __notebook__.ipynb\n"}
,{"stream_name":"stderr","time":34.253013445,"data":"[NbConvertApp] Converting notebook __notebook__.ipynb to html\n"}
,{"stream_name":"stderr","time":35.148613557,"data":"[NbConvertApp] Writing 442575 bytes to __results__.html\n"}
]