[{"stream_name":"stderr","time":6.297754775,"data":"0.00s - Debugger warning: It seems that frozen modules are being used, which may\n"}
,{"stream_name":"stderr","time":6.297827377,"data":"0.00s - make the debugger miss breakpoints. Please pass -Xfrozen_modules=off\n"}
,{"stream_name":"stderr","time":6.297834054,"data":"0.00s - to python to disable frozen modules.\n"}
,{"stream_name":"stderr","time":6.29783784,"data":"0.00s - Note: Debugging will proceed. Set PYDEVD_DISABLE_FILE_VALIDATION=1 to disable this validation.\n"}
,{"stream_name":"stderr","time":6.884400842,"data":"0.00s - Debugger warning: It seems that frozen modules are being used, which may\n"}
,{"stream_name":"stderr","time":6.884432494,"data":"0.00s - make the debugger miss breakpoints. Please pass -Xfrozen_modules=off\n"}
,{"stream_name":"stderr","time":6.884436912,"data":"0.00s - to python to disable frozen modules.\n"}
,{"stream_name":"stderr","time":6.884440477,"data":"0.00s - Note: Debugging will proceed. Set PYDEVD_DISABLE_FILE_VALIDATION=1 to disable this validation.\n"}
,{"stream_name":"stdout","time":7.950617389,"data":"Fixing environment...\n"}
,{"stream_name":"stdout","time":9.778672908,"data":"Looking in indexes: https://download.pytorch.org/whl/cu118\r\n"}
,{"stream_name":"stdout","time":10.234375935,"data":"\u001b[31mERROR: Could not find a version that satisfies the requirement torch==2.1.0+cu118 (from versions: 2.2.0+cu118, 2.2.1+cu118, 2.2.2+cu118, 2.3.0+cu118, 2.3.1+cu118, 2.4.0+cu118, 2.4.1+cu118, 2.5.0+cu118, 2.5.1+cu118, 2.6.0+cu118, 2.7.0+cu118, 2.7.1+cu118)\u001b[0m\u001b[31m\r\n"}
,{"stream_name":"stdout","time":10.234408572,"data":"\u001b[0m\u001b[31mERROR: No matching distribution found for torch==2.1.0+cu118\u001b[0m\u001b[31m\r\n"}
,{"stream_name":"stdout","time":11.537187401,"data":"\u001b[0mRequirement already satisfied: kaggle in /usr/local/lib/python3.12/dist-packages (2.0.1)\r\n"}
,{"stream_name":"stdout","time":11.638633313,"data":"Collecting kaggle\r\n"}
,{"stream_name":"stdout","time":11.68926094,"data":"  Downloading kaggle-2.2.3-py3-none-any.whl.metadata (16 kB)\r\n"}
,{"stream_name":"stdout","time":11.689289725,"data":"Requirement already satisfied: kagglehub in /usr/local/lib/python3.12/dist-packages (1.0.0)\r\n"}
,{"stream_name":"stdout","time":11.740166394,"data":"Collecting kagglehub\r\n"}
,{"stream_name":"stdout","time":11.791060042,"data":"  Downloading kagglehub-1.0.2-py3-none-any.whl.metadata (40 kB)\r\n"}
,{"stream_name":"stdout","time":11.791084134,"data":"\u001b[?25l     \u001b[90m━━━━━━━━━━━━━━━━━━━━━━━━━━━━━━━━━━━━━━━━\u001b[0m \u001b[32m0.0/40.1 kB\u001b[0m \u001b[31m?\u001b[0m eta \u001b[36m-:--:--\u001b[0m\r\u001b[2K     \u001b[90m━━━━━━━━━━━━━━━━━━━━━━━━━━━━━━━━━━━━━━━━\u001b[0m \u001b[32m40.1/40.1 kB\u001b[0m \u001b[31m2.9 MB/s\u001b[0m eta \u001b[36m0:00:00\u001b[0m\r\n"}
,{"stream_name":"stdout","time":11.791094441,"data":"\u001b[?25hRequirement already satisfied: wandb in /usr/local/lib/python3.12/dist-packages (0.25.1)\r\n"}
,{"stream_name":"stdout","time":12.044384114,"data":"Collecting wandb\r\n"}
,{"stream_name":"stdout","time":12.044409604,"data":"  Downloading wandb-0.28.0-py3-none-manylinux_2_28_x86_64.whl.metadata (11 kB)\r\n"}
,{"stream_name":"stdout","time":12.095538195,"data":"Requirement already satisfied: bleach in /usr/local/lib/python3.12/dist-packages (from kaggle) (6.3.0)\r\n"}
,{"stream_name":"stdout","time":12.09556303,"data":"Requirement already satisfied: jupytext in /usr/local/lib/python3.12/dist-packages (from kaggle) (1.19.1)\r\n"}
,{"stream_name":"stdout","time":12.146462519,"data":"Collecting kagglesdk\u003c1.0,\u003e=0.1.30 (from kaggle)\r\n"}
,{"stream_name":"stdout","time":12.146500926,"data":"  Downloading kagglesdk-0.1.31-py3-none-any.whl.metadata (13 kB)\r\n"}
,{"stream_name":"stdout","time":12.146505853,"data":"Requirement already satisfied: packaging in /usr/local/lib/python3.12/dist-packages (from kaggle) (26.2)\r\n"}
,{"stream_name":"stdout","time":12.146509476,"data":"Requirement already satisfied: protobuf in /usr/local/lib/python3.12/dist-packages (from kaggle) (5.29.5)\r\n"}
,{"stream_name":"stdout","time":12.146512996,"data":"Requirement already satisfied: python-dateutil in /usr/local/lib/python3.12/dist-packages (from kaggle) (2.9.0.post0)\r\n"}
,{"stream_name":"stdout","time":12.146516571,"data":"Requirement already satisfied: python-dotenv in /usr/local/lib/python3.12/dist-packages (from kaggle) (1.2.2)\r\n"}
,{"stream_name":"stdout","time":12.146520309,"data":"Requirement already satisfied: python-slugify in /usr/local/lib/python3.12/dist-packages (from kaggle) (8.0.4)\r\n"}
,{"stream_name":"stdout","time":12.146523957,"data":"Requirement already satisfied: requests in /usr/local/lib/python3.12/dist-packages (from kaggle) (2.32.4)\r\n"}
,{"stream_name":"stdout","time":12.146527674,"data":"Requirement already satisfied: tqdm in /usr/local/lib/python3.12/dist-packages (from kaggle) (4.67.3)\r\n"}
,{"stream_name":"stdout","time":12.146530998,"data":"Requirement already satisfied: urllib3\u003e=1.15.1 in /usr/local/lib/python3.12/dist-packages (from kaggle) (2.5.0)\r\n"}
,{"stream_name":"stdout","time":12.146536243,"data":"Requirement already satisfied: pyyaml in /usr/local/lib/python3.12/dist-packages (from kagglehub) (6.0.3)\r\n"}
,{"stream_name":"stdout","time":12.197817408,"data":"Requirement already satisfied: click\u003e=8.2.0 in /usr/local/lib/python3.12/dist-packages (from wandb) (8.3.2)\r\n"}
,{"stream_name":"stdout","time":12.197848903,"data":"Requirement already satisfied: gitpython!=3.1.29,\u003e=1.0.0 in /usr/local/lib/python3.12/dist-packages (from wandb) (3.1.46)\r\n"}
,{"stream_name":"stdout","time":12.197855512,"data":"Requirement already satisfied: platformdirs in /usr/local/lib/python3.12/dist-packages (from wandb) (4.9.6)\r\n"}
,{"stream_name":"stdout","time":12.197860938,"data":"Requirement already satisfied: pydantic\u003c3,\u003e=2.6 in /usr/local/lib/python3.12/dist-packages (from wandb) (2.12.3)\r\n"}
,{"stream_name":"stdout","time":12.19786603,"data":"Requirement already satisfied: sentry-sdk\u003e=2.0.0 in /usr/local/lib/python3.12/dist-packages (from wandb) (2.57.0)\r\n"}
,{"stream_name":"stdout","time":12.197869969,"data":"Requirement already satisfied: typing-extensions\u003c5,\u003e=4.8 in /usr/local/lib/python3.12/dist-packages (from wandb) (4.15.0)\r\n"}
,{"stream_name":"stdout","time":12.19787407,"data":"Requirement already satisfied: gitdb\u003c5,\u003e=4.0.1 in /usr/local/lib/python3.12/dist-packages (from gitpython!=3.1.29,\u003e=1.0.0-\u003ewandb) (4.0.12)\r\n"}
,{"stream_name":"stdout","time":12.197878351,"data":"Requirement already satisfied: annotated-types\u003e=0.6.0 in /usr/local/lib/python3.12/dist-packages (from pydantic\u003c3,\u003e=2.6-\u003ewandb) (0.7.0)\r\n"}
,{"stream_name":"stdout","time":12.197882426,"data":"Requirement already satisfied: pydantic-core==2.41.4 in /usr/local/lib/python3.12/dist-packages (from pydantic\u003c3,\u003e=2.6-\u003ewandb) (2.41.4)\r\n"}
,{"stream_name":"stdout","time":12.197886496,"data":"Requirement already satisfied: typing-inspection\u003e=0.4.2 in /usr/local/lib/python3.12/dist-packages (from pydantic\u003c3,\u003e=2.6-\u003ewandb) (0.4.2)\r\n"}
,{"stream_name":"stdout","time":12.197895863,"data":"Requirement already satisfied: charset_normalizer\u003c4,\u003e=2 in /usr/local/lib/python3.12/dist-packages (from requests-\u003ekaggle) (3.4.7)\r\n"}
,{"stream_name":"stdout","time":12.197908446,"data":"Requirement already satisfied: idna\u003c4,\u003e=2.5 in /usr/local/lib/python3.12/dist-packages (from requests-\u003ekaggle) (3.11)\r\n"}
,{"stream_name":"stdout","time":12.19791124,"data":"Requirement already satisfied: certifi\u003e=2017.4.17 in /usr/local/lib/python3.12/dist-packages (from requests-\u003ekaggle) (2026.2.25)\r\n"}
,{"stream_name":"stdout","time":12.197913979,"data":"Requirement already satisfied: webencodings in /usr/local/lib/python3.12/dist-packages (from bleach-\u003ekaggle) (0.5.1)\r\n"}
,{"stream_name":"stdout","time":12.248414762,"data":"Requirement already satisfied: markdown-it-py\u003e=1.0 in /usr/local/lib/python3.12/dist-packages (from jupytext-\u003ekaggle) (4.0.0)\r\n"}
,{"stream_name":"stdout","time":12.248445798,"data":"Requirement already satisfied: mdit-py-plugins in /usr/local/lib/python3.12/dist-packages (from jupytext-\u003ekaggle) (0.5.0)\r\n"}
,{"stream_name":"stdout","time":12.248449948,"data":"Requirement already satisfied: nbformat in /usr/local/lib/python3.12/dist-packages (from jupytext-\u003ekaggle) (5.10.4)\r\n"}
,{"stream_name":"stdout","time":12.248452898,"data":"Requirement already satisfied: six\u003e=1.5 in /usr/local/lib/python3.12/dist-packages (from python-dateutil-\u003ekaggle) (1.17.0)\r\n"}
,{"stream_name":"stdout","time":12.248455407,"data":"Requirement already satisfied: text-unidecode\u003e=1.3 in /usr/local/lib/python3.12/dist-packages (from python-slugify-\u003ekaggle) (1.3)\r\n"}
,{"stream_name":"stdout","time":12.248457837,"data":"Requirement already satisfied: smmap\u003c6,\u003e=3.0.1 in /usr/local/lib/python3.12/dist-packages (from gitdb\u003c5,\u003e=4.0.1-\u003egitpython!=3.1.29,\u003e=1.0.0-\u003ewandb) (5.0.3)\r\n"}
,{"stream_name":"stdout","time":12.248462037,"data":"Requirement already satisfied: mdurl~=0.1 in /usr/local/lib/python3.12/dist-packages (from markdown-it-py\u003e=1.0-\u003ejupytext-\u003ekaggle) (0.1.2)\r\n"}
,{"stream_name":"stdout","time":12.24846465,"data":"Requirement already satisfied: fastjsonschema\u003e=2.15 in /usr/local/lib/python3.12/dist-packages (from nbformat-\u003ejupytext-\u003ekaggle) (2.21.2)\r\n"}
,{"stream_name":"stdout","time":12.248467461,"data":"Requirement already satisfied: jsonschema\u003e=2.6 in /usr/local/lib/python3.12/dist-packages (from nbformat-\u003ejupytext-\u003ekaggle) (4.26.0)\r\n"}
,{"stream_name":"stdout","time":12.248483793,"data":"Requirement already satisfied: jupyter-core!=5.0.*,\u003e=4.12 in /usr/local/lib/python3.12/dist-packages (from nbformat-\u003ejupytext-\u003ekaggle) (5.9.1)\r\n"}
,{"stream_name":"stdout","time":12.248488442,"data":"Requirement already satisfied: traitlets\u003e=5.1 in /usr/local/lib/python3.12/dist-packages (from nbformat-\u003ejupytext-\u003ekaggle) (5.15.0)\r\n"}
,{"stream_name":"stdout","time":12.299032103,"data":"Requirement already satisfied: attrs\u003e=22.2.0 in /usr/local/lib/python3.12/dist-packages (from jsonschema\u003e=2.6-\u003enbformat-\u003ejupytext-\u003ekaggle) (26.1.0)\r\n"}
,{"stream_name":"stdout","time":12.299058872,"data":"Requirement already satisfied: jsonschema-specifications\u003e=2023.03.6 in /usr/local/lib/python3.12/dist-packages (from jsonschema\u003e=2.6-\u003enbformat-\u003ejupytext-\u003ekaggle) (2025.9.1)\r\n"}
,{"stream_name":"stdout","time":12.299064912,"data":"Requirement already satisfied: referencing\u003e=0.28.4 in /usr/local/lib/python3.12/dist-packages (from jsonschema\u003e=2.6-\u003enbformat-\u003ejupytext-\u003ekaggle) (0.37.0)\r\n"}
,{"stream_name":"stdout","time":12.299069542,"data":"Requirement already satisfied: rpds-py\u003e=0.25.0 in /usr/local/lib/python3.12/dist-packages (from jsonschema\u003e=2.6-\u003enbformat-\u003ejupytext-\u003ekaggle) (0.30.0)\r\n"}
,{"stream_name":"stdout","time":12.299073852,"data":"Downloading kaggle-2.2.3-py3-none-any.whl (111 kB)\r\n"}
,{"stream_name":"stdout","time":12.350298929,"data":"\u001b[?25l   \u001b[90m━━━━━━━━━━━━━━━━━━━━━━━━━━━━━━━━━━━━━━━━\u001b[0m \u001b[32m0.0/111.5 kB\u001b[0m \u001b[31m?\u001b[0m eta \u001b[36m-:--:--\u001b[0m\r\u001b[2K   \u001b[90m━━━━━━━━━━━━━━━━━━━━━━━━━━━━━━━━━━━━━━━━\u001b[0m \u001b[32m111.5/111.5 kB\u001b[0m \u001b[31m6.4 MB/s\u001b[0m eta \u001b[36m0:00:00\u001b[0m\r\n"}
,{"stream_name":"stdout","time":12.350330639,"data":"\u001b[?25hDownloading kagglehub-1.0.2-py3-none-any.whl (70 kB)\r\n"}
,{"stream_name":"stdout","time":12.350335701,"data":"\u001b[?25l   \u001b[90m━━━━━━━━━━━━━━━━━━━━━━━━━━━━━━━━━━━━━━━━\u001b[0m \u001b[32m0.0/70.6 kB\u001b[0m \u001b[31m?\u001b[0m eta \u001b[36m-:--:--\u001b[0m\r\u001b[2K   \u001b[90m━━━━━━━━━━━━━━━━━━━━━━━━━━━━━━━━━━━━━━━━\u001b[0m \u001b[32m70.6/70.6 kB\u001b[0m \u001b[31m5.6 MB/s\u001b[0m eta \u001b[36m0:00:00\u001b[0m\r\n"}
,{"stream_name":"stdout","time":12.350341738000001,"data":"\u001b[?25hDownloading wandb-0.28.0-py3-none-manylinux_2_28_x86_64.whl (26.8 MB)\r\n"}
,{"stream_name":"stdout","time":12.604725278,"data":"\u001b[?25l   \u001b[90m━━━━━━━━━━━━━━━━━━━━━━━━━━━━━━━━━━━━━━━━\u001b[0m \u001b[32m0.0/26.8 MB\u001b[0m \u001b[31m?\u001b[0m eta \u001b[36m-:--:--\u001b[0m\r\u001b[2K   \u001b[91m━━━━━\u001b[0m\u001b[91m╸\u001b[0m\u001b[90m━━━━━━━━━━━━━━━━━━━━━━━━━━━━━━━━━━\u001b[0m \u001b[32m3.7/26.8 MB\u001b[0m \u001b[31m111.9 MB/s\u001b[0m eta \u001b[36m0:00:01\u001b[0m\r\u001b[2K   \u001b[91m━━━━━━━━━━━━━━\u001b[0m\u001b[91m╸\u001b[0m\u001b[90m━━━━━━━━━━━━━━━━━━━━━━━━━\u001b[0m \u001b[32m10.0/26.8 MB\u001b[0m \u001b[31m145.6 MB/s\u001b[0m eta \u001b[36m0:00:01\u001b[0m\r\u001b[2K   \u001b[91m━━━━━━━━━━━━━━━━━━━━━━━━━\u001b[0m\u001b[90m╺\u001b[0m\u001b[90m━━━━━━━━━━━━━━\u001b[0m \u001b[32m16.9/26.8 MB\u001b[0m \u001b[31m194.1 MB/s\u001b[0m eta \u001b[36m0:00:01\u001b[0m\r\u001b[2K   \u001b[91m━━━━━━━━━━━━━━━━━━━━━━━━━━━━━━━━━━━━\u001b[0m\u001b[90m╺\u001b[0m\u001b[90m━━━\u001b[0m \u001b[32m24.1/26.8 MB\u001b[0m \u001b[31m204.4 MB/s\u001b[0m eta \u001b[36m0:00:01\u001b[0m\r\u001b[2K   \u001b[91m━━━━━━━━━━━━━━━━━━━━━━━━━━━━━━━━━━━━━━━\u001b[0m\u001b[91m╸\u001b[0m \u001b[32m26.8/26.8 MB\u001b[0m \u001b[31m213.7 MB/s\u001b[0m eta \u001b[36m0:00:01\u001b[0m\r\u001b[2K   \u001b[91m━━━━━━━━━━━━━━━━━━━━━━━━━━━━━━━━━━━━━━━\u001b[0m\u001b[91m╸\u001b[0m \u001b[32m26.8/26.8 MB\u001b[0m \u001b[31m213.7 MB/s\u001b[0m eta \u001b[36m0:00:01\u001b[0m\r\u001b[2K   \u001b[91m━━━━━━━━━━━━━━━━━━━━━━━━━━━━━━━━━━━━━━━\u001b[0m\u001b[91m╸\u001b[0m \u001b[32m26.8/26.8 MB\u001b[0m \u001b[31m213.7 MB/s\u001b[0m eta \u001b[36m0:00:01\u001b[0m\r\u001b[2K   \u001b[90m━━━━━━━━━━━━━━━━━━━━━━━━━━━━━━━━━━━━━━━━\u001b[0m \u001b[32m26.8/26.8 MB\u001b[0m \u001b[31m69.4 MB/s\u001b[0m eta \u001b[36m0:00:00\u001b[0m\r\n"}
,{"stream_name":"stdout","time":12.655451473,"data":"\u001b[?25hDownloading kagglesdk-0.1.31-py3-none-any.whl (255 kB)\r\n"}
,{"stream_name":"stdout","time":12.655480436,"data":"\u001b[?25l   \u001b[90m━━━━━━━━━━━━━━━━━━━━━━━━━━━━━━━━━━━━━━━━\u001b[0m \u001b[32m0.0/255.7 kB\u001b[0m \u001b[31m?\u001b[0m eta \u001b[36m-:--:--\u001b[0m\r\u001b[2K   \u001b[90m━━━━━━━━━━━━━━━━━━━━━━━━━━━━━━━━━━━━━━━━\u001b[0m \u001b[32m255.7/255.7 kB\u001b[0m \u001b[31m19.6 MB/s\u001b[0m eta \u001b[36m0:00:00\u001b[0m\r\n"}
,{"stream_name":"stdout","time":14.686420203,"data":"\u001b[?25hInstalling collected packages: kagglesdk, wandb, kagglehub, kaggle\r\n"}
,{"stream_name":"stdout","time":14.686454799,"data":"  Attempting uninstall: kagglesdk\r\n"}
,{"stream_name":"stdout","time":14.990668657,"data":"    Found existing installation: kagglesdk 0.1.18\r\n"}
,{"stream_name":"stdout","time":15.041280941,"data":"    Uninstalling kagglesdk-0.1.18:\r\n"}
,{"stream_name":"stdout","time":15.091690026,"data":"      Successfully uninstalled kagglesdk-0.1.18\r\n"}
,{"stream_name":"stdout","time":15.447797996,"data":"  Attempting uninstall: wandb\r\n"}
,{"stream_name":"stdout","time":15.701918676,"data":"    Found existing installation: wandb 0.25.1\r\n"}
,{"stream_name":"stdout","time":15.854303012999999,"data":"    Uninstalling wandb-0.25.1:\r\n"}
,{"stream_name":"stdout","time":30.245337512,"data":"      Successfully uninstalled wandb-0.25.1\r\n"}
,{"stream_name":"stdout","time":31.666192242,"data":"  Attempting uninstall: kagglehub\r\n"}
,{"stream_name":"stdout","time":31.919836798,"data":"    Found existing installation: kagglehub 1.0.0\r\n"}
,{"stream_name":"stdout","time":31.919862406,"data":"    Uninstalling kagglehub-1.0.0:\r\n"}
,{"stream_name":"stdout","time":31.970741953,"data":"      Successfully uninstalled kagglehub-1.0.0\r\n"}
,{"stream_name":"stdout","time":32.021779938,"data":"  Attempting uninstall: kaggle\r\n"}
,{"stream_name":"stdout","time":32.174219368,"data":"    Found existing installation: kaggle 2.0.1\r\n"}
,{"stream_name":"stdout","time":32.174249598,"data":"    Uninstalling kaggle-2.0.1:\r\n"}
,{"stream_name":"stdout","time":32.17425339,"data":"      Successfully uninstalled kaggle-2.0.1\r\n"}
,{"stream_name":"stdout","time":32.327177407,"data":"Successfully installed kaggle-2.2.3 kagglehub-1.0.2 kagglesdk-0.1.31 wandb-0.28.0\r\n"}
,{"stream_name":"stderr","time":36.782654469,"data":"/usr/local/lib/python3.12/dist-packages/torch/cuda/__init__.py:435: UserWarning: \n"}
,{"stream_name":"stderr","time":36.782690829,"data":"    Found GPU0 Tesla P100-PCIE-16GB which is of cuda capability 6.0.\n"}
,{"stream_name":"stderr","time":36.782697246,"data":"    Minimum and Maximum cuda capability supported by this version of PyTorch is\n"}
,{"stream_name":"stderr","time":36.782704134,"data":"    (7.0) - (12.0)\n"}
,{"stream_name":"stderr","time":36.782706918,"data":"    \n"}
,{"stream_name":"stderr","time":36.782709132,"data":"  queued_call()\n"}
,{"stream_name":"stderr","time":36.782711417,"data":"/usr/local/lib/python3.12/dist-packages/torch/cuda/__init__.py:435: UserWarning: \n"}
,{"stream_name":"stderr","time":36.782714011,"data":"    Please install PyTorch with a following CUDA\n"}
,{"stream_name":"stderr","time":36.782716294,"data":"    configurations:  12.6 following instructions at\n"}
,{"stream_name":"stderr","time":36.782718485,"data":"    https://pytorch.org/get-started/locally/\n"}
,{"stream_name":"stderr","time":36.782720682,"data":"    \n"}
,{"stream_name":"stderr","time":36.782722874,"data":"  queued_call()\n"}
,{"stream_name":"stderr","time":36.782725061,"data":"/usr/local/lib/python3.12/dist-packages/torch/cuda/__init__.py:435: UserWarning: \n"}
,{"stream_name":"stderr","time":36.782744416,"data":"Tesla P100-PCIE-16GB with CUDA capability sm_60 is not compatible with the current PyTorch installation.\n"}
,{"stream_name":"stderr","time":36.782747107,"data":"The current PyTorch install supports CUDA capabilities sm_70 sm_75 sm_80 sm_86 sm_90 sm_100 sm_120.\n"}
,{"stream_name":"stderr","time":36.782749515,"data":"If you want to use the Tesla P100-PCIE-16GB GPU with PyTorch, please check the instructions at https://pytorch.org/get-started/locally/\n"}
,{"stream_name":"stderr","time":36.782751882,"data":"\n"}
,{"stream_name":"stderr","time":36.782753986,"data":"  queued_call()\n"}
,{"stream_name":"stderr","time":36.782756108,"data":"\n"}
,{"stream_name":"stderr","time":36.782758303,"data":"/usr/local/lib/python3.12/dist-packages/torch/cuda/__init__.py:435: UserWarning: \n"}
,{"stream_name":"stderr","time":36.782760766,"data":"    Found GPU0 Tesla P100-PCIE-16GB which is of cuda capability 6.0.\n"}
,{"stream_name":"stderr","time":36.782762999,"data":"    Minimum and Maximum cuda capability supported by this version of PyTorch is\n"}
,{"stream_name":"stderr","time":36.782765253,"data":"    (7.0) - (12.0)\n"}
,{"stream_name":"stderr","time":36.782767486,"data":"    \n"}
,{"stream_name":"stderr","time":36.782769587,"data":"  queued_call()\n"}
,{"stream_name":"stderr","time":36.782771701,"data":"/usr/local/lib/python3.12/dist-packages/torch/cuda/__init__.py:435: UserWarning: \n"}
,{"stream_name":"stderr","time":36.782773947,"data":"    Please install PyTorch with a following CUDA\n"}
,{"stream_name":"stderr","time":36.782776208,"data":"    configurations:  12.6 following instructions at\n"}
,{"stream_name":"stderr","time":36.782778476,"data":"    https://pytorch.org/get-started/locally/\n"}
,{"stream_name":"stderr","time":36.782780681,"data":"    \n"}
,{"stream_name":"stderr","time":36.782782776,"data":"  queued_call()\n"}
,{"stream_name":"stderr","time":36.782784966,"data":"/usr/local/lib/python3.12/dist-packages/torch/cuda/__init__.py:435: UserWarning: \n"}
,{"stream_name":"stderr","time":36.782787209,"data":"Tesla P100-PCIE-16GB with CUDA capability sm_60 is not compatible with the current PyTorch installation.\n"}
,{"stream_name":"stderr","time":36.782789518,"data":"The current PyTorch install supports CUDA capabilities sm_70 sm_75 sm_80 sm_86 sm_90 sm_100 sm_120.\n"}
,{"stream_name":"stderr","time":36.782791855,"data":"If you want to use the Tesla P100-PCIE-16GB GPU with PyTorch, please check the instructions at https://pytorch.org/get-started/locally/\n"}
,{"stream_name":"stderr","time":36.782794206,"data":"\n"}
,{"stream_name":"stderr","time":36.782796334,"data":"  queued_call()\n"}
,{"stream_name":"stdout","time":36.787299884,"data":"Device: Tesla P100-PCIE-16GB, Compute Capability: 6.0\n"}
,{"stream_name":"stderr","time":39.486286002,"data":"Traceback (most recent call last):\n"}
,{"stream_name":"stderr","time":39.486317078,"data":"  File \"\u003cstring\u003e\", line 1, in \u003cmodule\u003e\n"}
,{"stream_name":"stderr","time":39.486323927,"data":"  File \"/usr/local/lib/python3.12/dist-packages/papermill/execute.py\", line 131, in execute_notebook\n"}
,{"stream_name":"stderr","time":39.486328855,"data":"    raise_for_execution_errors(nb, output_path)\n"}
,{"stream_name":"stderr","time":39.486333344,"data":"  File \"/usr/local/lib/python3.12/dist-packages/papermill/execute.py\", line 251, in raise_for_execution_errors\n"}
,{"stream_name":"stderr","time":39.486338173,"data":"    raise error\n"}
,{"stream_name":"stderr","time":39.486342772,"data":"papermill.exceptions.PapermillExecutionError: \n"}
,{"stream_name":"stderr","time":39.486347039,"data":"---------------------------------------------------------------------------\n"}
,{"stream_name":"stderr","time":39.486362249,"data":"Exception encountered at \"In [2]\":\n"}
,{"stream_name":"stderr","time":39.486366924,"data":"---------------------------------------------------------------------------\n"}
,{"stream_name":"stderr","time":39.486371385,"data":"AcceleratorError                          Traceback (most recent call last)\n"}
,{"stream_name":"stderr","time":39.486375775,"data":"/tmp/ipykernel_23/942173365.py in \u003ccell line: 0\u003e()\n"}
,{"stream_name":"stderr","time":39.486380804,"data":"      4     print(f\"Device: {prop.name}, Compute Capability: {prop.major}.{prop.minor}\")\n"}
,{"stream_name":"stderr","time":39.486385177,"data":"      5     # Tesla P100 (6.0) should now be supported by the cu118 build\n"}
,{"stream_name":"stderr","time":39.486389915,"data":"----\u003e 6     x = torch.randn(1, device='cuda')\n"}
,{"stream_name":"stderr","time":39.486394112,"data":"      7     print(\"CUDA Test Successful!\")\n"}
,{"stream_name":"stderr","time":39.486398607,"data":"      8 else:\n"}
,{"stream_name":"stderr","time":39.486402975,"data":"\n"}
,{"stream_name":"stderr","time":39.48640762,"data":"AcceleratorError: CUDA error: no kernel image is available for execution on the device\n"}
,{"stream_name":"stderr","time":39.486412416,"data":"Search for `cudaErrorNoKernelImageForDevice' in https://docs.nvidia.com/cuda/cuda-runtime-api/group__CUDART__TYPES.html for more information.\n"}
,{"stream_name":"stderr","time":39.486417512,"data":"CUDA kernel errors might be asynchronously reported at some other API call, so the stacktrace below might be incorrect.\n"}
,{"stream_name":"stderr","time":39.486422364,"data":"For debugging consider passing CUDA_LAUNCH_BLOCKING=1\n"}
,{"stream_name":"stderr","time":39.486426873,"data":"Compile with `TORCH_USE_CUDA_DSA` to enable device-side assertions.\n"}
,{"stream_name":"stderr","time":39.486431533,"data":"\n"}
,{"stream_name":"stderr","time":39.486435739,"data":"\n"}
,{"stream_name":"stderr","time":41.659702511,"data":"/usr/local/lib/python3.12/dist-packages/mistune.py:435: SyntaxWarning: invalid escape sequence '\\|'\n"}
,{"stream_name":"stderr","time":41.659752492,"data":"  cells[i][c] = re.sub('\\\\\\\\\\|', '|', cell)\n"}
,{"stream_name":"stderr","time":41.801290937,"data":"/usr/local/lib/python3.12/dist-packages/nbconvert/filters/filter_links.py:36: SyntaxWarning: invalid escape sequence '\\_'\n"}
,{"stream_name":"stderr","time":41.801323901,"data":"  text = re.sub(r'_', '\\_', text) # Escape underscores in display text\n"}
,{"stream_name":"stderr","time":42.398719136,"data":"[NbConvertApp] Converting notebook __notebook__.ipynb to notebook\n"}
,{"stream_name":"stderr","time":42.709920733,"data":"[NbConvertApp] Writing 56844 bytes to __notebook__.ipynb\n"}
,{"stream_name":"stderr","time":45.043192508,"data":"[NbConvertApp] Converting notebook __notebook__.ipynb to html\n"}
,{"stream_name":"stderr","time":45.925793252,"data":"[NbConvertApp] Writing 444055 bytes to __results__.html\n"}
]